[2025-Jun-18 13:03:58.682 -07:00][ 2029: 2029][info ] Logging initialized
[2025-Jun-18 13:03:58.682 -07:00][ 2029: 2029][info ] Initializing krisp SDK...
[2025-Jun-18 13:03:58.682 -07:00][ 2029: 2029][info ] DoKrispInitialize
[2025-Jun-18 13:03:59.058 -07:00][ 2029: 2029][info ] LoadDynamicKrisp
[2025-Jun-18 13:03:59.058 -07:00][ 2029: 2029][info ] Did not find KRISP_DYLIB_PATH, skipping dynamic loading
[2025-Jun-18 13:03:59.058 -07:00][ 2029: 2029][info ] Initializing Krisp SDK in PID 2029, addr 0x7f226578d8e0
[2025-Jun-18 13:03:59.260 -07:00][ 2029: 2029][info ] Initialized Krisp SDK successfully
[2025-Jun-18 13:03:59.260 -07:00][ 2029: 2029][info ] Krisp SDK initialized
[2025-Jun-18 13:04:40.403 -07:00][ 2029: 2029][info ] KrispNCSetModel: model = 
[2025-Jun-18 13:05:03.942 -07:00][ 2029: 2056][info ] KrispNCSetup: sampleRate = 48000, duration = 10
[2025-Jun-18 13:05:03.942 -07:00][ 2029: 2056][info ] Setting Krisp model: full_NC
[2025-Jun-18 13:05:03.951 -07:00][ 2029: 2056][info ] KrispVADSetup: sampleRate = 48000, duration = 10
[2025-Jun-18 13:05:08.966 -07:00][ 2029: 2056][info ] KrispVADSetup: sampleRate = 48000, duration = 10
[2025-Jun-18 13:05:11.957 -07:00][ 2029: 2049][info ] KrispVADReset
[2025-Jun-18 13:05:11.963 -07:00][ 2029: 2056][info ] KrispVADSetup: sampleRate = 48000, duration = 10
[2025-Jun-18 13:05:12.833 -07:00][ 2029: 2049][info ] KrispVADReset
[2025-Jun-18 13:05:12.836 -07:00][ 2029: 2056][info ] KrispVADSetup: sampleRate = 48000, duration = 10
[2025-Jun-18 13:05:15.406 -07:00][ 2029: 2049][info ] KrispVADReset
[2025-Jun-18 13:05:16.287 -07:00][ 2029: 2049][info ] KrispVADReset
[2025-Jun-18 13:48:34.054 -07:00][ 3674: 3674][info ] Logging initialized
[2025-Jun-18 13:48:34.054 -07:00][ 3674: 3674][info ] Initializing krisp SDK...
[2025-Jun-18 13:48:34.054 -07:00][ 3674: 3674][info ] DoKrispInitialize
[2025-Jun-18 13:48:34.433 -07:00][ 3674: 3674][info ] LoadDynamicKrisp
[2025-Jun-18 13:48:34.433 -07:00][ 3674: 3674][info ] Did not find KRISP_DYLIB_PATH, skipping dynamic loading
[2025-Jun-18 13:48:34.433 -07:00][ 3674: 3674][info ] Initializing Krisp SDK in PID 3674, addr 0x7f610578d8e0
[2025-Jun-18 13:48:34.655 -07:00][ 3674: 3674][info ] Initialized Krisp SDK successfully
[2025-Jun-18 13:48:34.655 -07:00][ 3674: 3674][info ] Krisp SDK initialized
[2025-Jun-18 13:48:41.017 -07:00][ 3674: 3674][info ] KrispNCSetModel: model = 
[2025-Jun-18 13:50:09.437 -07:00][ 4296: 4296][info ] Logging initialized
[2025-Jun-18 13:50:09.437 -07:00][ 4296: 4296][info ] Initializing krisp SDK...
[2025-Jun-18 13:50:09.437 -07:00][ 4296: 4296][info ] DoKrispInitialize
[2025-Jun-18 13:50:09.781 -07:00][ 4296: 4296][info ] LoadDynamicKrisp
[2025-Jun-18 13:50:09.781 -07:00][ 4296: 4296][info ] Did not find KRISP_DYLIB_PATH, skipping dynamic loading
[2025-Jun-18 13:50:09.781 -07:00][ 4296: 4296][info ] Initializing Krisp SDK in PID 4296, addr 0x7f93f3f8d8e0
[2025-Jun-18 13:50:09.978 -07:00][ 4296: 4296][info ] Initialized Krisp SDK successfully
[2025-Jun-18 13:50:09.978 -07:00][ 4296: 4296][info ] Krisp SDK initialized
[2025-Jun-18 13:50:11.574 -07:00][ 4296: 4296][info ] Logging initialized
[2025-Jun-18 13:50:11.574 -07:00][ 4296: 4296][info ] Initializing krisp SDK...
[2025-Jun-18 13:50:11.574 -07:00][ 4296: 4296][info ] Krisp SDK initialized
[2025-Jun-18 13:50:17.761 -07:00][ 4296: 4296][info ] KrispNCSetModel: model = 
