6/18/2025, 1:03:51 PM PDT [Modules] Modules initializing
6/18/2025, 1:03:51 PM PDT [Modules] Distribution: remote
6/18/2025, 1:03:51 PM PDT [Modules] Host updates: enabled
6/18/2025, 1:03:51 PM PDT [Modules] Module updates: enabled
6/18/2025, 1:03:51 PM PDT [Modules] Module install path: /home/lucienduchateau/.config/discord/0.0.98/modules
6/18/2025, 1:03:51 PM PDT [Modules] Module installed file path: /home/lucienduchateau/.config/discord/0.0.98/modules/installed.json
6/18/2025, 1:03:51 PM PDT [Modules] Module download path: /home/lucienduchateau/.config/discord/0.0.98/modules/pending
6/18/2025, 1:03:51 PM PDT [Modules] Bootstrapping...
6/18/2025, 1:03:51 PM PDT [Modules] Installing discord_desktop_core@0 from /opt/discord/resources/bootstrap/discord_desktop_core.zip
6/18/2025, 1:03:51 PM PDT [Modules] Failed installing discord_desktop_core@0: Error: ENOENT: no such file or directory, open '/opt/discord/resources/bootstrap/discord_desktop_core.zip'
6/18/2025, 1:03:51 PM PDT [Modules] Installing discord_erlpack@0 from /opt/discord/resources/bootstrap/discord_erlpack.zip
6/18/2025, 1:03:51 PM PDT [Modules] Failed installing discord_erlpack@0: Error: ENOENT: no such file or directory, open '/opt/discord/resources/bootstrap/discord_erlpack.zip'
6/18/2025, 1:03:51 PM PDT [Modules] Installing discord_spellcheck@0 from /opt/discord/resources/bootstrap/discord_spellcheck.zip
6/18/2025, 1:03:51 PM PDT [Modules] Failed installing discord_spellcheck@0: Error: ENOENT: no such file or directory, open '/opt/discord/resources/bootstrap/discord_spellcheck.zip'
6/18/2025, 1:03:51 PM PDT [Modules] Installing discord_utils@0 from /opt/discord/resources/bootstrap/discord_utils.zip
6/18/2025, 1:03:51 PM PDT [Modules] Failed installing discord_utils@0: Error: ENOENT: no such file or directory, open '/opt/discord/resources/bootstrap/discord_utils.zip'
6/18/2025, 1:03:51 PM PDT [Modules] Installing discord_voice@0 from /opt/discord/resources/bootstrap/discord_voice.zip
6/18/2025, 1:03:51 PM PDT [Modules] Failed installing discord_voice@0: Error: ENOENT: no such file or directory, open '/opt/discord/resources/bootstrap/discord_voice.zip'
6/18/2025, 1:03:51 PM PDT [Modules] Installing discord_zstd@0 from /opt/discord/resources/bootstrap/discord_zstd.zip
6/18/2025, 1:03:51 PM PDT [Modules] Failed installing discord_zstd@0: Error: ENOENT: no such file or directory, open '/opt/discord/resources/bootstrap/discord_zstd.zip'
6/18/2025, 1:03:51 PM PDT [Modules] Finished module installations. [success: 0] [failure: 6]
6/18/2025, 1:03:51 PM PDT [Modules] Checking for host updates.
6/18/2025, 1:03:52 PM PDT [Modules] Host is up to date.
6/18/2025, 1:03:52 PM PDT [Modules] Checking for module updates at https://discord.com/api/modules/stable/versions.json
6/18/2025, 1:03:52 PM PDT [Modules] Module update available: discord_desktop_core@1 [installed: 0]
6/18/2025, 1:03:52 PM PDT [Modules] Module update available: discord_erlpack@1 [installed: 0]
6/18/2025, 1:03:52 PM PDT [Modules] Module update available: discord_spellcheck@1 [installed: 0]
6/18/2025, 1:03:52 PM PDT [Modules] Module update available: discord_utils@1 [installed: 0]
6/18/2025, 1:03:52 PM PDT [Modules] Module update available: discord_voice@1 [installed: 0]
6/18/2025, 1:03:52 PM PDT [Modules] Module update available: discord_zstd@1 [installed: 0]
6/18/2025, 1:03:52 PM PDT [Modules] Fetching discord_desktop_core@1 from https://discord.com/api/modules/stable/discord_desktop_core/1
6/18/2025, 1:03:52 PM PDT [Modules] Streaming discord_desktop_core@1 to /home/lucienduchateau/.config/discord/0.0.98/modules/pending/discord_desktop_core-1.zip
6/18/2025, 1:03:52 PM PDT [Modules] Streaming discord_desktop_core@1 to /home/lucienduchateau/.config/discord/0.0.98/modules/pending/discord_desktop_core-1.zip: 1%
6/18/2025, 1:03:52 PM PDT [Modules] Streaming discord_desktop_core@1 to /home/lucienduchateau/.config/discord/0.0.98/modules/pending/discord_desktop_core-1.zip: 2%
6/18/2025, 1:03:52 PM PDT [Modules] Streaming discord_desktop_core@1 to /home/lucienduchateau/.config/discord/0.0.98/modules/pending/discord_desktop_core-1.zip: 3%
6/18/2025, 1:03:52 PM PDT [Modules] Streaming discord_desktop_core@1 to /home/lucienduchateau/.config/discord/0.0.98/modules/pending/discord_desktop_core-1.zip: 4%
6/18/2025, 1:03:52 PM PDT [Modules] Streaming discord_desktop_core@1 to /home/lucienduchateau/.config/discord/0.0.98/modules/pending/discord_desktop_core-1.zip: 6%
6/18/2025, 1:03:52 PM PDT [Modules] Streaming discord_desktop_core@1 to /home/lucienduchateau/.config/discord/0.0.98/modules/pending/discord_desktop_core-1.zip: 9%
6/18/2025, 1:03:52 PM PDT [Modules] Streaming discord_desktop_core@1 to /home/lucienduchateau/.config/discord/0.0.98/modules/pending/discord_desktop_core-1.zip: 11%
6/18/2025, 1:03:52 PM PDT [Modules] Streaming discord_desktop_core@1 to /home/lucienduchateau/.config/discord/0.0.98/modules/pending/discord_desktop_core-1.zip: 12%
6/18/2025, 1:03:52 PM PDT [Modules] Streaming discord_desktop_core@1 to /home/lucienduchateau/.config/discord/0.0.98/modules/pending/discord_desktop_core-1.zip: 15%
6/18/2025, 1:03:52 PM PDT [Modules] Streaming discord_desktop_core@1 to /home/lucienduchateau/.config/discord/0.0.98/modules/pending/discord_desktop_core-1.zip: 16%
6/18/2025, 1:03:52 PM PDT [Modules] Streaming discord_desktop_core@1 to /home/lucienduchateau/.config/discord/0.0.98/modules/pending/discord_desktop_core-1.zip: 17%
6/18/2025, 1:03:52 PM PDT [Modules] Streaming discord_desktop_core@1 to /home/lucienduchateau/.config/discord/0.0.98/modules/pending/discord_desktop_core-1.zip: 20%
6/18/2025, 1:03:52 PM PDT [Modules] Streaming discord_desktop_core@1 to /home/lucienduchateau/.config/discord/0.0.98/modules/pending/discord_desktop_core-1.zip: 21%
6/18/2025, 1:03:52 PM PDT [Modules] Streaming discord_desktop_core@1 to /home/lucienduchateau/.config/discord/0.0.98/modules/pending/discord_desktop_core-1.zip: 24%
6/18/2025, 1:03:52 PM PDT [Modules] Streaming discord_desktop_core@1 to /home/lucienduchateau/.config/discord/0.0.98/modules/pending/discord_desktop_core-1.zip: 26%
6/18/2025, 1:03:52 PM PDT [Modules] Streaming discord_desktop_core@1 to /home/lucienduchateau/.config/discord/0.0.98/modules/pending/discord_desktop_core-1.zip: 28%
6/18/2025, 1:03:52 PM PDT [Modules] Streaming discord_desktop_core@1 to /home/lucienduchateau/.config/discord/0.0.98/modules/pending/discord_desktop_core-1.zip: 31%
6/18/2025, 1:03:52 PM PDT [Modules] Streaming discord_desktop_core@1 to /home/lucienduchateau/.config/discord/0.0.98/modules/pending/discord_desktop_core-1.zip: 32%
6/18/2025, 1:03:52 PM PDT [Modules] Streaming discord_desktop_core@1 to /home/lucienduchateau/.config/discord/0.0.98/modules/pending/discord_desktop_core-1.zip: 35%
6/18/2025, 1:03:52 PM PDT [Modules] Streaming discord_desktop_core@1 to /home/lucienduchateau/.config/discord/0.0.98/modules/pending/discord_desktop_core-1.zip: 38%
6/18/2025, 1:03:52 PM PDT [Modules] Streaming discord_desktop_core@1 to /home/lucienduchateau/.config/discord/0.0.98/modules/pending/discord_desktop_core-1.zip: 40%
6/18/2025, 1:03:52 PM PDT [Modules] Streaming discord_desktop_core@1 to /home/lucienduchateau/.config/discord/0.0.98/modules/pending/discord_desktop_core-1.zip: 41%
6/18/2025, 1:03:52 PM PDT [Modules] Streaming discord_desktop_core@1 to /home/lucienduchateau/.config/discord/0.0.98/modules/pending/discord_desktop_core-1.zip: 43%
6/18/2025, 1:03:52 PM PDT [Modules] Streaming discord_desktop_core@1 to /home/lucienduchateau/.config/discord/0.0.98/modules/pending/discord_desktop_core-1.zip: 45%
6/18/2025, 1:03:52 PM PDT [Modules] Streaming discord_desktop_core@1 to /home/lucienduchateau/.config/discord/0.0.98/modules/pending/discord_desktop_core-1.zip: 47%
6/18/2025, 1:03:52 PM PDT [Modules] Streaming discord_desktop_core@1 to /home/lucienduchateau/.config/discord/0.0.98/modules/pending/discord_desktop_core-1.zip: 50%
6/18/2025, 1:03:52 PM PDT [Modules] Streaming discord_desktop_core@1 to /home/lucienduchateau/.config/discord/0.0.98/modules/pending/discord_desktop_core-1.zip: 55%
6/18/2025, 1:03:52 PM PDT [Modules] Streaming discord_desktop_core@1 to /home/lucienduchateau/.config/discord/0.0.98/modules/pending/discord_desktop_core-1.zip: 59%
6/18/2025, 1:03:52 PM PDT [Modules] Streaming discord_desktop_core@1 to /home/lucienduchateau/.config/discord/0.0.98/modules/pending/discord_desktop_core-1.zip: 61%
6/18/2025, 1:03:52 PM PDT [Modules] Streaming discord_desktop_core@1 to /home/lucienduchateau/.config/discord/0.0.98/modules/pending/discord_desktop_core-1.zip: 64%
6/18/2025, 1:03:52 PM PDT [Modules] Streaming discord_desktop_core@1 to /home/lucienduchateau/.config/discord/0.0.98/modules/pending/discord_desktop_core-1.zip: 66%
6/18/2025, 1:03:52 PM PDT [Modules] Streaming discord_desktop_core@1 to /home/lucienduchateau/.config/discord/0.0.98/modules/pending/discord_desktop_core-1.zip: 69%
6/18/2025, 1:03:52 PM PDT [Modules] Streaming discord_desktop_core@1 to /home/lucienduchateau/.config/discord/0.0.98/modules/pending/discord_desktop_core-1.zip: 71%
6/18/2025, 1:03:52 PM PDT [Modules] Streaming discord_desktop_core@1 to /home/lucienduchateau/.config/discord/0.0.98/modules/pending/discord_desktop_core-1.zip: 79%
6/18/2025, 1:03:52 PM PDT [Modules] Streaming discord_desktop_core@1 to /home/lucienduchateau/.config/discord/0.0.98/modules/pending/discord_desktop_core-1.zip: 85%
6/18/2025, 1:03:52 PM PDT [Modules] Streaming discord_desktop_core@1 to /home/lucienduchateau/.config/discord/0.0.98/modules/pending/discord_desktop_core-1.zip: 88%
6/18/2025, 1:03:52 PM PDT [Modules] Streaming discord_desktop_core@1 to /home/lucienduchateau/.config/discord/0.0.98/modules/pending/discord_desktop_core-1.zip: 90%
6/18/2025, 1:03:52 PM PDT [Modules] Streaming discord_desktop_core@1 to /home/lucienduchateau/.config/discord/0.0.98/modules/pending/discord_desktop_core-1.zip: 91%
6/18/2025, 1:03:52 PM PDT [Modules] Streaming discord_desktop_core@1 to /home/lucienduchateau/.config/discord/0.0.98/modules/pending/discord_desktop_core-1.zip: 94%
6/18/2025, 1:03:52 PM PDT [Modules] Streaming discord_desktop_core@1 to /home/lucienduchateau/.config/discord/0.0.98/modules/pending/discord_desktop_core-1.zip: 97%
6/18/2025, 1:03:52 PM PDT [Modules] Streaming discord_desktop_core@1 to /home/lucienduchateau/.config/discord/0.0.98/modules/pending/discord_desktop_core-1.zip: 100%
6/18/2025, 1:03:52 PM PDT [Modules] Fetching discord_erlpack@1 from https://discord.com/api/modules/stable/discord_erlpack/1
6/18/2025, 1:03:52 PM PDT [Modules] Streaming discord_erlpack@1 to /home/lucienduchateau/.config/discord/0.0.98/modules/pending/discord_erlpack-1.zip
6/18/2025, 1:03:52 PM PDT [Modules] Streaming discord_erlpack@1 to /home/lucienduchateau/.config/discord/0.0.98/modules/pending/discord_erlpack-1.zip: 5%
6/18/2025, 1:03:52 PM PDT [Modules] Streaming discord_erlpack@1 to /home/lucienduchateau/.config/discord/0.0.98/modules/pending/discord_erlpack-1.zip: 7%
6/18/2025, 1:03:52 PM PDT [Modules] Streaming discord_erlpack@1 to /home/lucienduchateau/.config/discord/0.0.98/modules/pending/discord_erlpack-1.zip: 15%
6/18/2025, 1:03:52 PM PDT [Modules] Streaming discord_erlpack@1 to /home/lucienduchateau/.config/discord/0.0.98/modules/pending/discord_erlpack-1.zip: 22%
6/18/2025, 1:03:52 PM PDT [Modules] Streaming discord_erlpack@1 to /home/lucienduchateau/.config/discord/0.0.98/modules/pending/discord_erlpack-1.zip: 27%
6/18/2025, 1:03:52 PM PDT [Modules] Streaming discord_erlpack@1 to /home/lucienduchateau/.config/discord/0.0.98/modules/pending/discord_erlpack-1.zip: 33%
6/18/2025, 1:03:52 PM PDT [Modules] Streaming discord_erlpack@1 to /home/lucienduchateau/.config/discord/0.0.98/modules/pending/discord_erlpack-1.zip: 44%
6/18/2025, 1:03:52 PM PDT [Modules] Streaming discord_erlpack@1 to /home/lucienduchateau/.config/discord/0.0.98/modules/pending/discord_erlpack-1.zip: 45%
6/18/2025, 1:03:52 PM PDT [Modules] Streaming discord_erlpack@1 to /home/lucienduchateau/.config/discord/0.0.98/modules/pending/discord_erlpack-1.zip: 49%
6/18/2025, 1:03:52 PM PDT [Modules] Streaming discord_erlpack@1 to /home/lucienduchateau/.config/discord/0.0.98/modules/pending/discord_erlpack-1.zip: 55%
6/18/2025, 1:03:52 PM PDT [Modules] Streaming discord_erlpack@1 to /home/lucienduchateau/.config/discord/0.0.98/modules/pending/discord_erlpack-1.zip: 58%
6/18/2025, 1:03:52 PM PDT [Modules] Streaming discord_erlpack@1 to /home/lucienduchateau/.config/discord/0.0.98/modules/pending/discord_erlpack-1.zip: 60%
6/18/2025, 1:03:52 PM PDT [Modules] Streaming discord_erlpack@1 to /home/lucienduchateau/.config/discord/0.0.98/modules/pending/discord_erlpack-1.zip: 66%
6/18/2025, 1:03:52 PM PDT [Modules] Streaming discord_erlpack@1 to /home/lucienduchateau/.config/discord/0.0.98/modules/pending/discord_erlpack-1.zip: 70%
6/18/2025, 1:03:52 PM PDT [Modules] Streaming discord_erlpack@1 to /home/lucienduchateau/.config/discord/0.0.98/modules/pending/discord_erlpack-1.zip: 72%
6/18/2025, 1:03:52 PM PDT [Modules] Streaming discord_erlpack@1 to /home/lucienduchateau/.config/discord/0.0.98/modules/pending/discord_erlpack-1.zip: 75%
6/18/2025, 1:03:52 PM PDT [Modules] Streaming discord_erlpack@1 to /home/lucienduchateau/.config/discord/0.0.98/modules/pending/discord_erlpack-1.zip: 79%
6/18/2025, 1:03:52 PM PDT [Modules] Streaming discord_erlpack@1 to /home/lucienduchateau/.config/discord/0.0.98/modules/pending/discord_erlpack-1.zip: 81%
6/18/2025, 1:03:52 PM PDT [Modules] Streaming discord_erlpack@1 to /home/lucienduchateau/.config/discord/0.0.98/modules/pending/discord_erlpack-1.zip: 91%
6/18/2025, 1:03:52 PM PDT [Modules] Streaming discord_erlpack@1 to /home/lucienduchateau/.config/discord/0.0.98/modules/pending/discord_erlpack-1.zip: 93%
6/18/2025, 1:03:52 PM PDT [Modules] Streaming discord_erlpack@1 to /home/lucienduchateau/.config/discord/0.0.98/modules/pending/discord_erlpack-1.zip: 100%
6/18/2025, 1:03:52 PM PDT [Modules] Fetching discord_spellcheck@1 from https://discord.com/api/modules/stable/discord_spellcheck/1
6/18/2025, 1:03:52 PM PDT [Modules] Streaming discord_spellcheck@1 to /home/lucienduchateau/.config/discord/0.0.98/modules/pending/discord_spellcheck-1.zip
6/18/2025, 1:03:52 PM PDT [Modules] Streaming discord_spellcheck@1 to /home/lucienduchateau/.config/discord/0.0.98/modules/pending/discord_spellcheck-1.zip: 1%
6/18/2025, 1:03:52 PM PDT [Modules] Streaming discord_spellcheck@1 to /home/lucienduchateau/.config/discord/0.0.98/modules/pending/discord_spellcheck-1.zip: 2%
6/18/2025, 1:03:52 PM PDT [Modules] Streaming discord_spellcheck@1 to /home/lucienduchateau/.config/discord/0.0.98/modules/pending/discord_spellcheck-1.zip: 3%
6/18/2025, 1:03:52 PM PDT [Modules] Streaming discord_spellcheck@1 to /home/lucienduchateau/.config/discord/0.0.98/modules/pending/discord_spellcheck-1.zip: 4%
6/18/2025, 1:03:52 PM PDT [Modules] Streaming discord_spellcheck@1 to /home/lucienduchateau/.config/discord/0.0.98/modules/pending/discord_spellcheck-1.zip: 5%
6/18/2025, 1:03:52 PM PDT [Modules] Streaming discord_spellcheck@1 to /home/lucienduchateau/.config/discord/0.0.98/modules/pending/discord_spellcheck-1.zip: 6%
6/18/2025, 1:03:52 PM PDT [Modules] Streaming discord_spellcheck@1 to /home/lucienduchateau/.config/discord/0.0.98/modules/pending/discord_spellcheck-1.zip: 7%
6/18/2025, 1:03:52 PM PDT [Modules] Streaming discord_spellcheck@1 to /home/lucienduchateau/.config/discord/0.0.98/modules/pending/discord_spellcheck-1.zip: 8%
6/18/2025, 1:03:52 PM PDT [Modules] Streaming discord_spellcheck@1 to /home/lucienduchateau/.config/discord/0.0.98/modules/pending/discord_spellcheck-1.zip: 9%
6/18/2025, 1:03:52 PM PDT [Modules] Streaming discord_spellcheck@1 to /home/lucienduchateau/.config/discord/0.0.98/modules/pending/discord_spellcheck-1.zip: 10%
6/18/2025, 1:03:52 PM PDT [Modules] Streaming discord_spellcheck@1 to /home/lucienduchateau/.config/discord/0.0.98/modules/pending/discord_spellcheck-1.zip: 11%
6/18/2025, 1:03:52 PM PDT [Modules] Streaming discord_spellcheck@1 to /home/lucienduchateau/.config/discord/0.0.98/modules/pending/discord_spellcheck-1.zip: 12%
6/18/2025, 1:03:52 PM PDT [Modules] Streaming discord_spellcheck@1 to /home/lucienduchateau/.config/discord/0.0.98/modules/pending/discord_spellcheck-1.zip: 13%
6/18/2025, 1:03:52 PM PDT [Modules] Streaming discord_spellcheck@1 to /home/lucienduchateau/.config/discord/0.0.98/modules/pending/discord_spellcheck-1.zip: 14%
6/18/2025, 1:03:52 PM PDT [Modules] Streaming discord_spellcheck@1 to /home/lucienduchateau/.config/discord/0.0.98/modules/pending/discord_spellcheck-1.zip: 15%
6/18/2025, 1:03:52 PM PDT [Modules] Streaming discord_spellcheck@1 to /home/lucienduchateau/.config/discord/0.0.98/modules/pending/discord_spellcheck-1.zip: 16%
6/18/2025, 1:03:52 PM PDT [Modules] Streaming discord_spellcheck@1 to /home/lucienduchateau/.config/discord/0.0.98/modules/pending/discord_spellcheck-1.zip: 17%
6/18/2025, 1:03:52 PM PDT [Modules] Streaming discord_spellcheck@1 to /home/lucienduchateau/.config/discord/0.0.98/modules/pending/discord_spellcheck-1.zip: 18%
6/18/2025, 1:03:52 PM PDT [Modules] Streaming discord_spellcheck@1 to /home/lucienduchateau/.config/discord/0.0.98/modules/pending/discord_spellcheck-1.zip: 19%
6/18/2025, 1:03:52 PM PDT [Modules] Streaming discord_spellcheck@1 to /home/lucienduchateau/.config/discord/0.0.98/modules/pending/discord_spellcheck-1.zip: 20%
6/18/2025, 1:03:52 PM PDT [Modules] Streaming discord_spellcheck@1 to /home/lucienduchateau/.config/discord/0.0.98/modules/pending/discord_spellcheck-1.zip: 21%
6/18/2025, 1:03:52 PM PDT [Modules] Streaming discord_spellcheck@1 to /home/lucienduchateau/.config/discord/0.0.98/modules/pending/discord_spellcheck-1.zip: 22%
6/18/2025, 1:03:52 PM PDT [Modules] Streaming discord_spellcheck@1 to /home/lucienduchateau/.config/discord/0.0.98/modules/pending/discord_spellcheck-1.zip: 23%
6/18/2025, 1:03:52 PM PDT [Modules] Streaming discord_spellcheck@1 to /home/lucienduchateau/.config/discord/0.0.98/modules/pending/discord_spellcheck-1.zip: 24%
6/18/2025, 1:03:52 PM PDT [Modules] Streaming discord_spellcheck@1 to /home/lucienduchateau/.config/discord/0.0.98/modules/pending/discord_spellcheck-1.zip: 25%
6/18/2025, 1:03:52 PM PDT [Modules] Streaming discord_spellcheck@1 to /home/lucienduchateau/.config/discord/0.0.98/modules/pending/discord_spellcheck-1.zip: 26%
6/18/2025, 1:03:52 PM PDT [Modules] Streaming discord_spellcheck@1 to /home/lucienduchateau/.config/discord/0.0.98/modules/pending/discord_spellcheck-1.zip: 27%
6/18/2025, 1:03:52 PM PDT [Modules] Streaming discord_spellcheck@1 to /home/lucienduchateau/.config/discord/0.0.98/modules/pending/discord_spellcheck-1.zip: 28%
6/18/2025, 1:03:52 PM PDT [Modules] Streaming discord_spellcheck@1 to /home/lucienduchateau/.config/discord/0.0.98/modules/pending/discord_spellcheck-1.zip: 29%
6/18/2025, 1:03:52 PM PDT [Modules] Streaming discord_spellcheck@1 to /home/lucienduchateau/.config/discord/0.0.98/modules/pending/discord_spellcheck-1.zip: 30%
6/18/2025, 1:03:52 PM PDT [Modules] Streaming discord_spellcheck@1 to /home/lucienduchateau/.config/discord/0.0.98/modules/pending/discord_spellcheck-1.zip: 31%
6/18/2025, 1:03:52 PM PDT [Modules] Streaming discord_spellcheck@1 to /home/lucienduchateau/.config/discord/0.0.98/modules/pending/discord_spellcheck-1.zip: 32%
6/18/2025, 1:03:53 PM PDT [Modules] Streaming discord_spellcheck@1 to /home/lucienduchateau/.config/discord/0.0.98/modules/pending/discord_spellcheck-1.zip: 33%
6/18/2025, 1:03:53 PM PDT [Modules] Streaming discord_spellcheck@1 to /home/lucienduchateau/.config/discord/0.0.98/modules/pending/discord_spellcheck-1.zip: 34%
6/18/2025, 1:03:53 PM PDT [Modules] Streaming discord_spellcheck@1 to /home/lucienduchateau/.config/discord/0.0.98/modules/pending/discord_spellcheck-1.zip: 35%
6/18/2025, 1:03:53 PM PDT [Modules] Streaming discord_spellcheck@1 to /home/lucienduchateau/.config/discord/0.0.98/modules/pending/discord_spellcheck-1.zip: 36%
6/18/2025, 1:03:53 PM PDT [Modules] Streaming discord_spellcheck@1 to /home/lucienduchateau/.config/discord/0.0.98/modules/pending/discord_spellcheck-1.zip: 37%
6/18/2025, 1:03:53 PM PDT [Modules] Streaming discord_spellcheck@1 to /home/lucienduchateau/.config/discord/0.0.98/modules/pending/discord_spellcheck-1.zip: 38%
6/18/2025, 1:03:53 PM PDT [Modules] Streaming discord_spellcheck@1 to /home/lucienduchateau/.config/discord/0.0.98/modules/pending/discord_spellcheck-1.zip: 39%
6/18/2025, 1:03:53 PM PDT [Modules] Streaming discord_spellcheck@1 to /home/lucienduchateau/.config/discord/0.0.98/modules/pending/discord_spellcheck-1.zip: 40%
6/18/2025, 1:03:53 PM PDT [Modules] Streaming discord_spellcheck@1 to /home/lucienduchateau/.config/discord/0.0.98/modules/pending/discord_spellcheck-1.zip: 41%
6/18/2025, 1:03:53 PM PDT [Modules] Streaming discord_spellcheck@1 to /home/lucienduchateau/.config/discord/0.0.98/modules/pending/discord_spellcheck-1.zip: 42%
6/18/2025, 1:03:53 PM PDT [Modules] Streaming discord_spellcheck@1 to /home/lucienduchateau/.config/discord/0.0.98/modules/pending/discord_spellcheck-1.zip: 43%
6/18/2025, 1:03:53 PM PDT [Modules] Streaming discord_spellcheck@1 to /home/lucienduchateau/.config/discord/0.0.98/modules/pending/discord_spellcheck-1.zip: 44%
6/18/2025, 1:03:53 PM PDT [Modules] Streaming discord_spellcheck@1 to /home/lucienduchateau/.config/discord/0.0.98/modules/pending/discord_spellcheck-1.zip: 45%
6/18/2025, 1:03:53 PM PDT [Modules] Streaming discord_spellcheck@1 to /home/lucienduchateau/.config/discord/0.0.98/modules/pending/discord_spellcheck-1.zip: 46%
6/18/2025, 1:03:53 PM PDT [Modules] Streaming discord_spellcheck@1 to /home/lucienduchateau/.config/discord/0.0.98/modules/pending/discord_spellcheck-1.zip: 47%
6/18/2025, 1:03:53 PM PDT [Modules] Streaming discord_spellcheck@1 to /home/lucienduchateau/.config/discord/0.0.98/modules/pending/discord_spellcheck-1.zip: 48%
6/18/2025, 1:03:53 PM PDT [Modules] Streaming discord_spellcheck@1 to /home/lucienduchateau/.config/discord/0.0.98/modules/pending/discord_spellcheck-1.zip: 49%
6/18/2025, 1:03:53 PM PDT [Modules] Streaming discord_spellcheck@1 to /home/lucienduchateau/.config/discord/0.0.98/modules/pending/discord_spellcheck-1.zip: 50%
6/18/2025, 1:03:53 PM PDT [Modules] Streaming discord_spellcheck@1 to /home/lucienduchateau/.config/discord/0.0.98/modules/pending/discord_spellcheck-1.zip: 51%
6/18/2025, 1:03:53 PM PDT [Modules] Streaming discord_spellcheck@1 to /home/lucienduchateau/.config/discord/0.0.98/modules/pending/discord_spellcheck-1.zip: 52%
6/18/2025, 1:03:53 PM PDT [Modules] Streaming discord_spellcheck@1 to /home/lucienduchateau/.config/discord/0.0.98/modules/pending/discord_spellcheck-1.zip: 53%
6/18/2025, 1:03:53 PM PDT [Modules] Streaming discord_spellcheck@1 to /home/lucienduchateau/.config/discord/0.0.98/modules/pending/discord_spellcheck-1.zip: 54%
6/18/2025, 1:03:53 PM PDT [Modules] Streaming discord_spellcheck@1 to /home/lucienduchateau/.config/discord/0.0.98/modules/pending/discord_spellcheck-1.zip: 55%
6/18/2025, 1:03:53 PM PDT [Modules] Streaming discord_spellcheck@1 to /home/lucienduchateau/.config/discord/0.0.98/modules/pending/discord_spellcheck-1.zip: 56%
6/18/2025, 1:03:53 PM PDT [Modules] Streaming discord_spellcheck@1 to /home/lucienduchateau/.config/discord/0.0.98/modules/pending/discord_spellcheck-1.zip: 57%
6/18/2025, 1:03:53 PM PDT [Modules] Streaming discord_spellcheck@1 to /home/lucienduchateau/.config/discord/0.0.98/modules/pending/discord_spellcheck-1.zip: 58%
6/18/2025, 1:03:53 PM PDT [Modules] Streaming discord_spellcheck@1 to /home/lucienduchateau/.config/discord/0.0.98/modules/pending/discord_spellcheck-1.zip: 59%
6/18/2025, 1:03:53 PM PDT [Modules] Streaming discord_spellcheck@1 to /home/lucienduchateau/.config/discord/0.0.98/modules/pending/discord_spellcheck-1.zip: 60%
6/18/2025, 1:03:53 PM PDT [Modules] Streaming discord_spellcheck@1 to /home/lucienduchateau/.config/discord/0.0.98/modules/pending/discord_spellcheck-1.zip: 61%
6/18/2025, 1:03:53 PM PDT [Modules] Streaming discord_spellcheck@1 to /home/lucienduchateau/.config/discord/0.0.98/modules/pending/discord_spellcheck-1.zip: 62%
6/18/2025, 1:03:53 PM PDT [Modules] Streaming discord_spellcheck@1 to /home/lucienduchateau/.config/discord/0.0.98/modules/pending/discord_spellcheck-1.zip: 63%
6/18/2025, 1:03:53 PM PDT [Modules] Streaming discord_spellcheck@1 to /home/lucienduchateau/.config/discord/0.0.98/modules/pending/discord_spellcheck-1.zip: 65%
6/18/2025, 1:03:53 PM PDT [Modules] Streaming discord_spellcheck@1 to /home/lucienduchateau/.config/discord/0.0.98/modules/pending/discord_spellcheck-1.zip: 66%
6/18/2025, 1:03:53 PM PDT [Modules] Streaming discord_spellcheck@1 to /home/lucienduchateau/.config/discord/0.0.98/modules/pending/discord_spellcheck-1.zip: 67%
6/18/2025, 1:03:53 PM PDT [Modules] Streaming discord_spellcheck@1 to /home/lucienduchateau/.config/discord/0.0.98/modules/pending/discord_spellcheck-1.zip: 68%
6/18/2025, 1:03:53 PM PDT [Modules] Streaming discord_spellcheck@1 to /home/lucienduchateau/.config/discord/0.0.98/modules/pending/discord_spellcheck-1.zip: 69%
6/18/2025, 1:03:53 PM PDT [Modules] Streaming discord_spellcheck@1 to /home/lucienduchateau/.config/discord/0.0.98/modules/pending/discord_spellcheck-1.zip: 70%
6/18/2025, 1:03:53 PM PDT [Modules] Streaming discord_spellcheck@1 to /home/lucienduchateau/.config/discord/0.0.98/modules/pending/discord_spellcheck-1.zip: 71%
6/18/2025, 1:03:53 PM PDT [Modules] Streaming discord_spellcheck@1 to /home/lucienduchateau/.config/discord/0.0.98/modules/pending/discord_spellcheck-1.zip: 72%
6/18/2025, 1:03:53 PM PDT [Modules] Streaming discord_spellcheck@1 to /home/lucienduchateau/.config/discord/0.0.98/modules/pending/discord_spellcheck-1.zip: 73%
6/18/2025, 1:03:53 PM PDT [Modules] Streaming discord_spellcheck@1 to /home/lucienduchateau/.config/discord/0.0.98/modules/pending/discord_spellcheck-1.zip: 74%
6/18/2025, 1:03:53 PM PDT [Modules] Streaming discord_spellcheck@1 to /home/lucienduchateau/.config/discord/0.0.98/modules/pending/discord_spellcheck-1.zip: 75%
6/18/2025, 1:03:53 PM PDT [Modules] Streaming discord_spellcheck@1 to /home/lucienduchateau/.config/discord/0.0.98/modules/pending/discord_spellcheck-1.zip: 76%
6/18/2025, 1:03:53 PM PDT [Modules] Streaming discord_spellcheck@1 to /home/lucienduchateau/.config/discord/0.0.98/modules/pending/discord_spellcheck-1.zip: 77%
6/18/2025, 1:03:53 PM PDT [Modules] Streaming discord_spellcheck@1 to /home/lucienduchateau/.config/discord/0.0.98/modules/pending/discord_spellcheck-1.zip: 78%
6/18/2025, 1:03:53 PM PDT [Modules] Streaming discord_spellcheck@1 to /home/lucienduchateau/.config/discord/0.0.98/modules/pending/discord_spellcheck-1.zip: 79%
6/18/2025, 1:03:53 PM PDT [Modules] Streaming discord_spellcheck@1 to /home/lucienduchateau/.config/discord/0.0.98/modules/pending/discord_spellcheck-1.zip: 80%
6/18/2025, 1:03:53 PM PDT [Modules] Streaming discord_spellcheck@1 to /home/lucienduchateau/.config/discord/0.0.98/modules/pending/discord_spellcheck-1.zip: 81%
6/18/2025, 1:03:53 PM PDT [Modules] Streaming discord_spellcheck@1 to /home/lucienduchateau/.config/discord/0.0.98/modules/pending/discord_spellcheck-1.zip: 82%
6/18/2025, 1:03:53 PM PDT [Modules] Streaming discord_spellcheck@1 to /home/lucienduchateau/.config/discord/0.0.98/modules/pending/discord_spellcheck-1.zip: 84%
6/18/2025, 1:03:53 PM PDT [Modules] Streaming discord_spellcheck@1 to /home/lucienduchateau/.config/discord/0.0.98/modules/pending/discord_spellcheck-1.zip: 85%
6/18/2025, 1:03:53 PM PDT [Modules] Streaming discord_spellcheck@1 to /home/lucienduchateau/.config/discord/0.0.98/modules/pending/discord_spellcheck-1.zip: 89%
6/18/2025, 1:03:53 PM PDT [Modules] Streaming discord_spellcheck@1 to /home/lucienduchateau/.config/discord/0.0.98/modules/pending/discord_spellcheck-1.zip: 91%
6/18/2025, 1:03:53 PM PDT [Modules] Streaming discord_spellcheck@1 to /home/lucienduchateau/.config/discord/0.0.98/modules/pending/discord_spellcheck-1.zip: 92%
6/18/2025, 1:03:53 PM PDT [Modules] Streaming discord_spellcheck@1 to /home/lucienduchateau/.config/discord/0.0.98/modules/pending/discord_spellcheck-1.zip: 93%
6/18/2025, 1:03:53 PM PDT [Modules] Streaming discord_spellcheck@1 to /home/lucienduchateau/.config/discord/0.0.98/modules/pending/discord_spellcheck-1.zip: 94%
6/18/2025, 1:03:53 PM PDT [Modules] Streaming discord_spellcheck@1 to /home/lucienduchateau/.config/discord/0.0.98/modules/pending/discord_spellcheck-1.zip: 95%
6/18/2025, 1:03:53 PM PDT [Modules] Streaming discord_spellcheck@1 to /home/lucienduchateau/.config/discord/0.0.98/modules/pending/discord_spellcheck-1.zip: 96%
6/18/2025, 1:03:53 PM PDT [Modules] Streaming discord_spellcheck@1 to /home/lucienduchateau/.config/discord/0.0.98/modules/pending/discord_spellcheck-1.zip: 97%
6/18/2025, 1:03:53 PM PDT [Modules] Streaming discord_spellcheck@1 to /home/lucienduchateau/.config/discord/0.0.98/modules/pending/discord_spellcheck-1.zip: 98%
6/18/2025, 1:03:53 PM PDT [Modules] Streaming discord_spellcheck@1 to /home/lucienduchateau/.config/discord/0.0.98/modules/pending/discord_spellcheck-1.zip: 99%
6/18/2025, 1:03:53 PM PDT [Modules] Streaming discord_spellcheck@1 to /home/lucienduchateau/.config/discord/0.0.98/modules/pending/discord_spellcheck-1.zip: 100%
6/18/2025, 1:03:53 PM PDT [Modules] Fetching discord_utils@1 from https://discord.com/api/modules/stable/discord_utils/1
6/18/2025, 1:03:53 PM PDT [Modules] Streaming discord_utils@1 to /home/lucienduchateau/.config/discord/0.0.98/modules/pending/discord_utils-1.zip
6/18/2025, 1:03:53 PM PDT [Modules] Streaming discord_utils@1 to /home/lucienduchateau/.config/discord/0.0.98/modules/pending/discord_utils-1.zip: 1%
6/18/2025, 1:03:53 PM PDT [Modules] Streaming discord_utils@1 to /home/lucienduchateau/.config/discord/0.0.98/modules/pending/discord_utils-1.zip: 2%
6/18/2025, 1:03:53 PM PDT [Modules] Streaming discord_utils@1 to /home/lucienduchateau/.config/discord/0.0.98/modules/pending/discord_utils-1.zip: 6%
6/18/2025, 1:03:53 PM PDT [Modules] Streaming discord_utils@1 to /home/lucienduchateau/.config/discord/0.0.98/modules/pending/discord_utils-1.zip: 7%
6/18/2025, 1:03:53 PM PDT [Modules] Streaming discord_utils@1 to /home/lucienduchateau/.config/discord/0.0.98/modules/pending/discord_utils-1.zip: 9%
6/18/2025, 1:03:53 PM PDT [Modules] Streaming discord_utils@1 to /home/lucienduchateau/.config/discord/0.0.98/modules/pending/discord_utils-1.zip: 12%
6/18/2025, 1:03:53 PM PDT [Modules] Streaming discord_utils@1 to /home/lucienduchateau/.config/discord/0.0.98/modules/pending/discord_utils-1.zip: 14%
6/18/2025, 1:03:53 PM PDT [Modules] Streaming discord_utils@1 to /home/lucienduchateau/.config/discord/0.0.98/modules/pending/discord_utils-1.zip: 15%
6/18/2025, 1:03:53 PM PDT [Modules] Streaming discord_utils@1 to /home/lucienduchateau/.config/discord/0.0.98/modules/pending/discord_utils-1.zip: 18%
6/18/2025, 1:03:53 PM PDT [Modules] Streaming discord_utils@1 to /home/lucienduchateau/.config/discord/0.0.98/modules/pending/discord_utils-1.zip: 20%
6/18/2025, 1:03:53 PM PDT [Modules] Streaming discord_utils@1 to /home/lucienduchateau/.config/discord/0.0.98/modules/pending/discord_utils-1.zip: 22%
6/18/2025, 1:03:53 PM PDT [Modules] Streaming discord_utils@1 to /home/lucienduchateau/.config/discord/0.0.98/modules/pending/discord_utils-1.zip: 23%
6/18/2025, 1:03:53 PM PDT [Modules] Streaming discord_utils@1 to /home/lucienduchateau/.config/discord/0.0.98/modules/pending/discord_utils-1.zip: 25%
6/18/2025, 1:03:53 PM PDT [Modules] Streaming discord_utils@1 to /home/lucienduchateau/.config/discord/0.0.98/modules/pending/discord_utils-1.zip: 28%
6/18/2025, 1:03:53 PM PDT [Modules] Streaming discord_utils@1 to /home/lucienduchateau/.config/discord/0.0.98/modules/pending/discord_utils-1.zip: 31%
6/18/2025, 1:03:53 PM PDT [Modules] Streaming discord_utils@1 to /home/lucienduchateau/.config/discord/0.0.98/modules/pending/discord_utils-1.zip: 38%
6/18/2025, 1:03:53 PM PDT [Modules] Streaming discord_utils@1 to /home/lucienduchateau/.config/discord/0.0.98/modules/pending/discord_utils-1.zip: 39%
6/18/2025, 1:03:53 PM PDT [Modules] Streaming discord_utils@1 to /home/lucienduchateau/.config/discord/0.0.98/modules/pending/discord_utils-1.zip: 40%
6/18/2025, 1:03:53 PM PDT [Modules] Streaming discord_utils@1 to /home/lucienduchateau/.config/discord/0.0.98/modules/pending/discord_utils-1.zip: 42%
6/18/2025, 1:03:53 PM PDT [Modules] Streaming discord_utils@1 to /home/lucienduchateau/.config/discord/0.0.98/modules/pending/discord_utils-1.zip: 44%
6/18/2025, 1:03:53 PM PDT [Modules] Streaming discord_utils@1 to /home/lucienduchateau/.config/discord/0.0.98/modules/pending/discord_utils-1.zip: 45%
6/18/2025, 1:03:53 PM PDT [Modules] Streaming discord_utils@1 to /home/lucienduchateau/.config/discord/0.0.98/modules/pending/discord_utils-1.zip: 48%
6/18/2025, 1:03:53 PM PDT [Modules] Streaming discord_utils@1 to /home/lucienduchateau/.config/discord/0.0.98/modules/pending/discord_utils-1.zip: 51%
6/18/2025, 1:03:53 PM PDT [Modules] Streaming discord_utils@1 to /home/lucienduchateau/.config/discord/0.0.98/modules/pending/discord_utils-1.zip: 52%
6/18/2025, 1:03:53 PM PDT [Modules] Streaming discord_utils@1 to /home/lucienduchateau/.config/discord/0.0.98/modules/pending/discord_utils-1.zip: 53%
6/18/2025, 1:03:53 PM PDT [Modules] Streaming discord_utils@1 to /home/lucienduchateau/.config/discord/0.0.98/modules/pending/discord_utils-1.zip: 54%
6/18/2025, 1:03:53 PM PDT [Modules] Streaming discord_utils@1 to /home/lucienduchateau/.config/discord/0.0.98/modules/pending/discord_utils-1.zip: 56%
6/18/2025, 1:03:53 PM PDT [Modules] Streaming discord_utils@1 to /home/lucienduchateau/.config/discord/0.0.98/modules/pending/discord_utils-1.zip: 59%
6/18/2025, 1:03:53 PM PDT [Modules] Streaming discord_utils@1 to /home/lucienduchateau/.config/discord/0.0.98/modules/pending/discord_utils-1.zip: 61%
6/18/2025, 1:03:53 PM PDT [Modules] Streaming discord_utils@1 to /home/lucienduchateau/.config/discord/0.0.98/modules/pending/discord_utils-1.zip: 63%
6/18/2025, 1:03:53 PM PDT [Modules] Streaming discord_utils@1 to /home/lucienduchateau/.config/discord/0.0.98/modules/pending/discord_utils-1.zip: 65%
6/18/2025, 1:03:53 PM PDT [Modules] Streaming discord_utils@1 to /home/lucienduchateau/.config/discord/0.0.98/modules/pending/discord_utils-1.zip: 67%
6/18/2025, 1:03:53 PM PDT [Modules] Streaming discord_utils@1 to /home/lucienduchateau/.config/discord/0.0.98/modules/pending/discord_utils-1.zip: 70%
6/18/2025, 1:03:53 PM PDT [Modules] Streaming discord_utils@1 to /home/lucienduchateau/.config/discord/0.0.98/modules/pending/discord_utils-1.zip: 71%
6/18/2025, 1:03:53 PM PDT [Modules] Streaming discord_utils@1 to /home/lucienduchateau/.config/discord/0.0.98/modules/pending/discord_utils-1.zip: 73%
6/18/2025, 1:03:53 PM PDT [Modules] Streaming discord_utils@1 to /home/lucienduchateau/.config/discord/0.0.98/modules/pending/discord_utils-1.zip: 74%
6/18/2025, 1:03:53 PM PDT [Modules] Streaming discord_utils@1 to /home/lucienduchateau/.config/discord/0.0.98/modules/pending/discord_utils-1.zip: 79%
6/18/2025, 1:03:53 PM PDT [Modules] Streaming discord_utils@1 to /home/lucienduchateau/.config/discord/0.0.98/modules/pending/discord_utils-1.zip: 81%
6/18/2025, 1:03:53 PM PDT [Modules] Streaming discord_utils@1 to /home/lucienduchateau/.config/discord/0.0.98/modules/pending/discord_utils-1.zip: 83%
6/18/2025, 1:03:53 PM PDT [Modules] Streaming discord_utils@1 to /home/lucienduchateau/.config/discord/0.0.98/modules/pending/discord_utils-1.zip: 86%
6/18/2025, 1:03:53 PM PDT [Modules] Streaming discord_utils@1 to /home/lucienduchateau/.config/discord/0.0.98/modules/pending/discord_utils-1.zip: 87%
6/18/2025, 1:03:53 PM PDT [Modules] Streaming discord_utils@1 to /home/lucienduchateau/.config/discord/0.0.98/modules/pending/discord_utils-1.zip: 88%
6/18/2025, 1:03:53 PM PDT [Modules] Streaming discord_utils@1 to /home/lucienduchateau/.config/discord/0.0.98/modules/pending/discord_utils-1.zip: 89%
6/18/2025, 1:03:53 PM PDT [Modules] Streaming discord_utils@1 to /home/lucienduchateau/.config/discord/0.0.98/modules/pending/discord_utils-1.zip: 90%
6/18/2025, 1:03:53 PM PDT [Modules] Streaming discord_utils@1 to /home/lucienduchateau/.config/discord/0.0.98/modules/pending/discord_utils-1.zip: 91%
6/18/2025, 1:03:53 PM PDT [Modules] Streaming discord_utils@1 to /home/lucienduchateau/.config/discord/0.0.98/modules/pending/discord_utils-1.zip: 93%
6/18/2025, 1:03:53 PM PDT [Modules] Streaming discord_utils@1 to /home/lucienduchateau/.config/discord/0.0.98/modules/pending/discord_utils-1.zip: 96%
6/18/2025, 1:03:53 PM PDT [Modules] Streaming discord_utils@1 to /home/lucienduchateau/.config/discord/0.0.98/modules/pending/discord_utils-1.zip: 97%
6/18/2025, 1:03:53 PM PDT [Modules] Streaming discord_utils@1 to /home/lucienduchateau/.config/discord/0.0.98/modules/pending/discord_utils-1.zip: 98%
6/18/2025, 1:03:53 PM PDT [Modules] Streaming discord_utils@1 to /home/lucienduchateau/.config/discord/0.0.98/modules/pending/discord_utils-1.zip: 100%
6/18/2025, 1:03:53 PM PDT [Modules] Fetching discord_voice@1 from https://discord.com/api/modules/stable/discord_voice/1
6/18/2025, 1:03:53 PM PDT [Modules] Streaming discord_voice@1 to /home/lucienduchateau/.config/discord/0.0.98/modules/pending/discord_voice-1.zip
6/18/2025, 1:03:53 PM PDT [Modules] Streaming discord_voice@1 to /home/lucienduchateau/.config/discord/0.0.98/modules/pending/discord_voice-1.zip: 1%
6/18/2025, 1:03:53 PM PDT [Modules] Streaming discord_voice@1 to /home/lucienduchateau/.config/discord/0.0.98/modules/pending/discord_voice-1.zip: 2%
6/18/2025, 1:03:53 PM PDT [Modules] Streaming discord_voice@1 to /home/lucienduchateau/.config/discord/0.0.98/modules/pending/discord_voice-1.zip: 3%
6/18/2025, 1:03:53 PM PDT [Modules] Streaming discord_voice@1 to /home/lucienduchateau/.config/discord/0.0.98/modules/pending/discord_voice-1.zip: 4%
6/18/2025, 1:03:53 PM PDT [Modules] Streaming discord_voice@1 to /home/lucienduchateau/.config/discord/0.0.98/modules/pending/discord_voice-1.zip: 5%
6/18/2025, 1:03:53 PM PDT [Modules] Streaming discord_voice@1 to /home/lucienduchateau/.config/discord/0.0.98/modules/pending/discord_voice-1.zip: 6%
6/18/2025, 1:03:53 PM PDT [Modules] Streaming discord_voice@1 to /home/lucienduchateau/.config/discord/0.0.98/modules/pending/discord_voice-1.zip: 7%
6/18/2025, 1:03:53 PM PDT [Modules] Streaming discord_voice@1 to /home/lucienduchateau/.config/discord/0.0.98/modules/pending/discord_voice-1.zip: 8%
6/18/2025, 1:03:53 PM PDT [Modules] Streaming discord_voice@1 to /home/lucienduchateau/.config/discord/0.0.98/modules/pending/discord_voice-1.zip: 9%
6/18/2025, 1:03:53 PM PDT [Modules] Streaming discord_voice@1 to /home/lucienduchateau/.config/discord/0.0.98/modules/pending/discord_voice-1.zip: 10%
6/18/2025, 1:03:53 PM PDT [Modules] Streaming discord_voice@1 to /home/lucienduchateau/.config/discord/0.0.98/modules/pending/discord_voice-1.zip: 11%
6/18/2025, 1:03:53 PM PDT [Modules] Streaming discord_voice@1 to /home/lucienduchateau/.config/discord/0.0.98/modules/pending/discord_voice-1.zip: 12%
6/18/2025, 1:03:53 PM PDT [Modules] Streaming discord_voice@1 to /home/lucienduchateau/.config/discord/0.0.98/modules/pending/discord_voice-1.zip: 13%
6/18/2025, 1:03:53 PM PDT [Modules] Streaming discord_voice@1 to /home/lucienduchateau/.config/discord/0.0.98/modules/pending/discord_voice-1.zip: 15%
6/18/2025, 1:03:53 PM PDT [Modules] Streaming discord_voice@1 to /home/lucienduchateau/.config/discord/0.0.98/modules/pending/discord_voice-1.zip: 16%
6/18/2025, 1:03:53 PM PDT [Modules] Streaming discord_voice@1 to /home/lucienduchateau/.config/discord/0.0.98/modules/pending/discord_voice-1.zip: 17%
6/18/2025, 1:03:53 PM PDT [Modules] Streaming discord_voice@1 to /home/lucienduchateau/.config/discord/0.0.98/modules/pending/discord_voice-1.zip: 18%
6/18/2025, 1:03:53 PM PDT [Modules] Streaming discord_voice@1 to /home/lucienduchateau/.config/discord/0.0.98/modules/pending/discord_voice-1.zip: 19%
6/18/2025, 1:03:53 PM PDT [Modules] Streaming discord_voice@1 to /home/lucienduchateau/.config/discord/0.0.98/modules/pending/discord_voice-1.zip: 20%
6/18/2025, 1:03:53 PM PDT [Modules] Streaming discord_voice@1 to /home/lucienduchateau/.config/discord/0.0.98/modules/pending/discord_voice-1.zip: 21%
6/18/2025, 1:03:53 PM PDT [Modules] Streaming discord_voice@1 to /home/lucienduchateau/.config/discord/0.0.98/modules/pending/discord_voice-1.zip: 22%
6/18/2025, 1:03:53 PM PDT [Modules] Streaming discord_voice@1 to /home/lucienduchateau/.config/discord/0.0.98/modules/pending/discord_voice-1.zip: 23%
6/18/2025, 1:03:53 PM PDT [Modules] Streaming discord_voice@1 to /home/lucienduchateau/.config/discord/0.0.98/modules/pending/discord_voice-1.zip: 24%
6/18/2025, 1:03:53 PM PDT [Modules] Streaming discord_voice@1 to /home/lucienduchateau/.config/discord/0.0.98/modules/pending/discord_voice-1.zip: 25%
6/18/2025, 1:03:53 PM PDT [Modules] Streaming discord_voice@1 to /home/lucienduchateau/.config/discord/0.0.98/modules/pending/discord_voice-1.zip: 26%
6/18/2025, 1:03:53 PM PDT [Modules] Streaming discord_voice@1 to /home/lucienduchateau/.config/discord/0.0.98/modules/pending/discord_voice-1.zip: 27%
6/18/2025, 1:03:53 PM PDT [Modules] Streaming discord_voice@1 to /home/lucienduchateau/.config/discord/0.0.98/modules/pending/discord_voice-1.zip: 28%
6/18/2025, 1:03:53 PM PDT [Modules] Streaming discord_voice@1 to /home/lucienduchateau/.config/discord/0.0.98/modules/pending/discord_voice-1.zip: 29%
6/18/2025, 1:03:53 PM PDT [Modules] Streaming discord_voice@1 to /home/lucienduchateau/.config/discord/0.0.98/modules/pending/discord_voice-1.zip: 30%
6/18/2025, 1:03:53 PM PDT [Modules] Streaming discord_voice@1 to /home/lucienduchateau/.config/discord/0.0.98/modules/pending/discord_voice-1.zip: 31%
6/18/2025, 1:03:53 PM PDT [Modules] Streaming discord_voice@1 to /home/lucienduchateau/.config/discord/0.0.98/modules/pending/discord_voice-1.zip: 32%
6/18/2025, 1:03:53 PM PDT [Modules] Streaming discord_voice@1 to /home/lucienduchateau/.config/discord/0.0.98/modules/pending/discord_voice-1.zip: 33%
6/18/2025, 1:03:53 PM PDT [Modules] Streaming discord_voice@1 to /home/lucienduchateau/.config/discord/0.0.98/modules/pending/discord_voice-1.zip: 34%
6/18/2025, 1:03:53 PM PDT [Modules] Streaming discord_voice@1 to /home/lucienduchateau/.config/discord/0.0.98/modules/pending/discord_voice-1.zip: 35%
6/18/2025, 1:03:53 PM PDT [Modules] Streaming discord_voice@1 to /home/lucienduchateau/.config/discord/0.0.98/modules/pending/discord_voice-1.zip: 36%
6/18/2025, 1:03:53 PM PDT [Modules] Streaming discord_voice@1 to /home/lucienduchateau/.config/discord/0.0.98/modules/pending/discord_voice-1.zip: 37%
6/18/2025, 1:03:53 PM PDT [Modules] Streaming discord_voice@1 to /home/lucienduchateau/.config/discord/0.0.98/modules/pending/discord_voice-1.zip: 38%
6/18/2025, 1:03:53 PM PDT [Modules] Streaming discord_voice@1 to /home/lucienduchateau/.config/discord/0.0.98/modules/pending/discord_voice-1.zip: 39%
6/18/2025, 1:03:53 PM PDT [Modules] Streaming discord_voice@1 to /home/lucienduchateau/.config/discord/0.0.98/modules/pending/discord_voice-1.zip: 40%
6/18/2025, 1:03:53 PM PDT [Modules] Streaming discord_voice@1 to /home/lucienduchateau/.config/discord/0.0.98/modules/pending/discord_voice-1.zip: 41%
6/18/2025, 1:03:53 PM PDT [Modules] Streaming discord_voice@1 to /home/lucienduchateau/.config/discord/0.0.98/modules/pending/discord_voice-1.zip: 42%
6/18/2025, 1:03:53 PM PDT [Modules] Streaming discord_voice@1 to /home/lucienduchateau/.config/discord/0.0.98/modules/pending/discord_voice-1.zip: 43%
6/18/2025, 1:03:53 PM PDT [Modules] Streaming discord_voice@1 to /home/lucienduchateau/.config/discord/0.0.98/modules/pending/discord_voice-1.zip: 44%
6/18/2025, 1:03:53 PM PDT [Modules] Streaming discord_voice@1 to /home/lucienduchateau/.config/discord/0.0.98/modules/pending/discord_voice-1.zip: 45%
6/18/2025, 1:03:53 PM PDT [Modules] Streaming discord_voice@1 to /home/lucienduchateau/.config/discord/0.0.98/modules/pending/discord_voice-1.zip: 46%
6/18/2025, 1:03:53 PM PDT [Modules] Streaming discord_voice@1 to /home/lucienduchateau/.config/discord/0.0.98/modules/pending/discord_voice-1.zip: 47%
6/18/2025, 1:03:53 PM PDT [Modules] Streaming discord_voice@1 to /home/lucienduchateau/.config/discord/0.0.98/modules/pending/discord_voice-1.zip: 48%
6/18/2025, 1:03:53 PM PDT [Modules] Streaming discord_voice@1 to /home/lucienduchateau/.config/discord/0.0.98/modules/pending/discord_voice-1.zip: 49%
6/18/2025, 1:03:53 PM PDT [Modules] Streaming discord_voice@1 to /home/lucienduchateau/.config/discord/0.0.98/modules/pending/discord_voice-1.zip: 50%
6/18/2025, 1:03:53 PM PDT [Modules] Streaming discord_voice@1 to /home/lucienduchateau/.config/discord/0.0.98/modules/pending/discord_voice-1.zip: 51%
6/18/2025, 1:03:53 PM PDT [Modules] Streaming discord_voice@1 to /home/lucienduchateau/.config/discord/0.0.98/modules/pending/discord_voice-1.zip: 52%
6/18/2025, 1:03:53 PM PDT [Modules] Streaming discord_voice@1 to /home/lucienduchateau/.config/discord/0.0.98/modules/pending/discord_voice-1.zip: 53%
6/18/2025, 1:03:53 PM PDT [Modules] Streaming discord_voice@1 to /home/lucienduchateau/.config/discord/0.0.98/modules/pending/discord_voice-1.zip: 54%
6/18/2025, 1:03:53 PM PDT [Modules] Streaming discord_voice@1 to /home/lucienduchateau/.config/discord/0.0.98/modules/pending/discord_voice-1.zip: 55%
6/18/2025, 1:03:53 PM PDT [Modules] Streaming discord_voice@1 to /home/lucienduchateau/.config/discord/0.0.98/modules/pending/discord_voice-1.zip: 56%
6/18/2025, 1:03:53 PM PDT [Modules] Streaming discord_voice@1 to /home/lucienduchateau/.config/discord/0.0.98/modules/pending/discord_voice-1.zip: 57%
6/18/2025, 1:03:53 PM PDT [Modules] Streaming discord_voice@1 to /home/lucienduchateau/.config/discord/0.0.98/modules/pending/discord_voice-1.zip: 58%
6/18/2025, 1:03:53 PM PDT [Modules] Streaming discord_voice@1 to /home/lucienduchateau/.config/discord/0.0.98/modules/pending/discord_voice-1.zip: 59%
6/18/2025, 1:03:53 PM PDT [Modules] Streaming discord_voice@1 to /home/lucienduchateau/.config/discord/0.0.98/modules/pending/discord_voice-1.zip: 60%
6/18/2025, 1:03:53 PM PDT [Modules] Streaming discord_voice@1 to /home/lucienduchateau/.config/discord/0.0.98/modules/pending/discord_voice-1.zip: 61%
6/18/2025, 1:03:53 PM PDT [Modules] Streaming discord_voice@1 to /home/lucienduchateau/.config/discord/0.0.98/modules/pending/discord_voice-1.zip: 62%
6/18/2025, 1:03:53 PM PDT [Modules] Streaming discord_voice@1 to /home/lucienduchateau/.config/discord/0.0.98/modules/pending/discord_voice-1.zip: 63%
6/18/2025, 1:03:53 PM PDT [Modules] Streaming discord_voice@1 to /home/lucienduchateau/.config/discord/0.0.98/modules/pending/discord_voice-1.zip: 64%
6/18/2025, 1:03:53 PM PDT [Modules] Streaming discord_voice@1 to /home/lucienduchateau/.config/discord/0.0.98/modules/pending/discord_voice-1.zip: 65%
6/18/2025, 1:03:53 PM PDT [Modules] Streaming discord_voice@1 to /home/lucienduchateau/.config/discord/0.0.98/modules/pending/discord_voice-1.zip: 66%
6/18/2025, 1:03:53 PM PDT [Modules] Streaming discord_voice@1 to /home/lucienduchateau/.config/discord/0.0.98/modules/pending/discord_voice-1.zip: 67%
6/18/2025, 1:03:53 PM PDT [Modules] Streaming discord_voice@1 to /home/lucienduchateau/.config/discord/0.0.98/modules/pending/discord_voice-1.zip: 68%
6/18/2025, 1:03:53 PM PDT [Modules] Streaming discord_voice@1 to /home/lucienduchateau/.config/discord/0.0.98/modules/pending/discord_voice-1.zip: 69%
6/18/2025, 1:03:53 PM PDT [Modules] Streaming discord_voice@1 to /home/lucienduchateau/.config/discord/0.0.98/modules/pending/discord_voice-1.zip: 70%
6/18/2025, 1:03:53 PM PDT [Modules] Streaming discord_voice@1 to /home/lucienduchateau/.config/discord/0.0.98/modules/pending/discord_voice-1.zip: 71%
6/18/2025, 1:03:53 PM PDT [Modules] Streaming discord_voice@1 to /home/lucienduchateau/.config/discord/0.0.98/modules/pending/discord_voice-1.zip: 72%
6/18/2025, 1:03:53 PM PDT [Modules] Streaming discord_voice@1 to /home/lucienduchateau/.config/discord/0.0.98/modules/pending/discord_voice-1.zip: 73%
6/18/2025, 1:03:53 PM PDT [Modules] Streaming discord_voice@1 to /home/lucienduchateau/.config/discord/0.0.98/modules/pending/discord_voice-1.zip: 74%
6/18/2025, 1:03:53 PM PDT [Modules] Streaming discord_voice@1 to /home/lucienduchateau/.config/discord/0.0.98/modules/pending/discord_voice-1.zip: 75%
6/18/2025, 1:03:53 PM PDT [Modules] Streaming discord_voice@1 to /home/lucienduchateau/.config/discord/0.0.98/modules/pending/discord_voice-1.zip: 76%
6/18/2025, 1:03:53 PM PDT [Modules] Streaming discord_voice@1 to /home/lucienduchateau/.config/discord/0.0.98/modules/pending/discord_voice-1.zip: 77%
6/18/2025, 1:03:53 PM PDT [Modules] Streaming discord_voice@1 to /home/lucienduchateau/.config/discord/0.0.98/modules/pending/discord_voice-1.zip: 78%
6/18/2025, 1:03:53 PM PDT [Modules] Streaming discord_voice@1 to /home/lucienduchateau/.config/discord/0.0.98/modules/pending/discord_voice-1.zip: 79%
6/18/2025, 1:03:53 PM PDT [Modules] Streaming discord_voice@1 to /home/lucienduchateau/.config/discord/0.0.98/modules/pending/discord_voice-1.zip: 80%
6/18/2025, 1:03:53 PM PDT [Modules] Streaming discord_voice@1 to /home/lucienduchateau/.config/discord/0.0.98/modules/pending/discord_voice-1.zip: 81%
6/18/2025, 1:03:53 PM PDT [Modules] Streaming discord_voice@1 to /home/lucienduchateau/.config/discord/0.0.98/modules/pending/discord_voice-1.zip: 82%
6/18/2025, 1:03:53 PM PDT [Modules] Streaming discord_voice@1 to /home/lucienduchateau/.config/discord/0.0.98/modules/pending/discord_voice-1.zip: 83%
6/18/2025, 1:03:53 PM PDT [Modules] Streaming discord_voice@1 to /home/lucienduchateau/.config/discord/0.0.98/modules/pending/discord_voice-1.zip: 84%
6/18/2025, 1:03:53 PM PDT [Modules] Streaming discord_voice@1 to /home/lucienduchateau/.config/discord/0.0.98/modules/pending/discord_voice-1.zip: 85%
6/18/2025, 1:03:53 PM PDT [Modules] Streaming discord_voice@1 to /home/lucienduchateau/.config/discord/0.0.98/modules/pending/discord_voice-1.zip: 86%
6/18/2025, 1:03:53 PM PDT [Modules] Streaming discord_voice@1 to /home/lucienduchateau/.config/discord/0.0.98/modules/pending/discord_voice-1.zip: 87%
6/18/2025, 1:03:53 PM PDT [Modules] Streaming discord_voice@1 to /home/lucienduchateau/.config/discord/0.0.98/modules/pending/discord_voice-1.zip: 88%
6/18/2025, 1:03:53 PM PDT [Modules] Streaming discord_voice@1 to /home/lucienduchateau/.config/discord/0.0.98/modules/pending/discord_voice-1.zip: 89%
6/18/2025, 1:03:53 PM PDT [Modules] Streaming discord_voice@1 to /home/lucienduchateau/.config/discord/0.0.98/modules/pending/discord_voice-1.zip: 90%
6/18/2025, 1:03:53 PM PDT [Modules] Streaming discord_voice@1 to /home/lucienduchateau/.config/discord/0.0.98/modules/pending/discord_voice-1.zip: 91%
6/18/2025, 1:03:53 PM PDT [Modules] Streaming discord_voice@1 to /home/lucienduchateau/.config/discord/0.0.98/modules/pending/discord_voice-1.zip: 92%
6/18/2025, 1:03:53 PM PDT [Modules] Streaming discord_voice@1 to /home/lucienduchateau/.config/discord/0.0.98/modules/pending/discord_voice-1.zip: 93%
6/18/2025, 1:03:53 PM PDT [Modules] Streaming discord_voice@1 to /home/lucienduchateau/.config/discord/0.0.98/modules/pending/discord_voice-1.zip: 94%
6/18/2025, 1:03:53 PM PDT [Modules] Streaming discord_voice@1 to /home/lucienduchateau/.config/discord/0.0.98/modules/pending/discord_voice-1.zip: 95%
6/18/2025, 1:03:53 PM PDT [Modules] Streaming discord_voice@1 to /home/lucienduchateau/.config/discord/0.0.98/modules/pending/discord_voice-1.zip: 96%
6/18/2025, 1:03:53 PM PDT [Modules] Streaming discord_voice@1 to /home/lucienduchateau/.config/discord/0.0.98/modules/pending/discord_voice-1.zip: 97%
6/18/2025, 1:03:53 PM PDT [Modules] Streaming discord_voice@1 to /home/lucienduchateau/.config/discord/0.0.98/modules/pending/discord_voice-1.zip: 99%
6/18/2025, 1:03:53 PM PDT [Modules] Streaming discord_voice@1 to /home/lucienduchateau/.config/discord/0.0.98/modules/pending/discord_voice-1.zip: 100%
6/18/2025, 1:03:53 PM PDT [Modules] Fetching discord_zstd@1 from https://discord.com/api/modules/stable/discord_zstd/1
6/18/2025, 1:03:53 PM PDT [Modules] Streaming discord_zstd@1 to /home/lucienduchateau/.config/discord/0.0.98/modules/pending/discord_zstd-1.zip
6/18/2025, 1:03:53 PM PDT [Modules] Streaming discord_zstd@1 to /home/lucienduchateau/.config/discord/0.0.98/modules/pending/discord_zstd-1.zip: 6%
6/18/2025, 1:03:53 PM PDT [Modules] Streaming discord_zstd@1 to /home/lucienduchateau/.config/discord/0.0.98/modules/pending/discord_zstd-1.zip: 26%
6/18/2025, 1:03:53 PM PDT [Modules] Streaming discord_zstd@1 to /home/lucienduchateau/.config/discord/0.0.98/modules/pending/discord_zstd-1.zip: 30%
6/18/2025, 1:03:53 PM PDT [Modules] Streaming discord_zstd@1 to /home/lucienduchateau/.config/discord/0.0.98/modules/pending/discord_zstd-1.zip: 82%
6/18/2025, 1:03:53 PM PDT [Modules] Streaming discord_zstd@1 to /home/lucienduchateau/.config/discord/0.0.98/modules/pending/discord_zstd-1.zip: 100%
6/18/2025, 1:03:53 PM PDT [Modules] Finished module downloads. [success: 6] [failure: 0]
6/18/2025, 1:03:53 PM PDT [Modules] Installing updates...
6/18/2025, 1:03:53 PM PDT [Modules] Installing discord_desktop_core@1 from /home/lucienduchateau/.config/discord/0.0.98/modules/pending/discord_desktop_core-1.zip
6/18/2025, 1:03:53 PM PDT [Modules] Installing discord_erlpack@1 from /home/lucienduchateau/.config/discord/0.0.98/modules/pending/discord_erlpack-1.zip
6/18/2025, 1:03:54 PM PDT [Modules] Installing discord_spellcheck@1 from /home/lucienduchateau/.config/discord/0.0.98/modules/pending/discord_spellcheck-1.zip
6/18/2025, 1:03:54 PM PDT [Modules] Installing discord_utils@1 from /home/lucienduchateau/.config/discord/0.0.98/modules/pending/discord_utils-1.zip
6/18/2025, 1:03:54 PM PDT [Modules] Installing discord_voice@1 from /home/lucienduchateau/.config/discord/0.0.98/modules/pending/discord_voice-1.zip
6/18/2025, 1:03:55 PM PDT [Modules] Installing discord_zstd@1 from /home/lucienduchateau/.config/discord/0.0.98/modules/pending/discord_zstd-1.zip
6/18/2025, 1:03:55 PM PDT [Modules] Finished module installations. [success: 6] [failure: 0]
6/18/2025, 1:03:55 PM PDT [Modules] Checking for host updates.
6/18/2025, 1:03:55 PM PDT [Modules] Host is up to date.
6/18/2025, 1:03:55 PM PDT [Modules] Checking for module updates at https://discord.com/api/modules/stable/versions.json
6/18/2025, 1:03:55 PM PDT [Modules] No module updates available.
6/18/2025, 1:03:57 PM PDT [Modules] Starting to install discord_krisp...
6/18/2025, 1:03:57 PM PDT [Modules] Fetching discord_krisp@1 from https://discord.com/api/modules/stable/discord_krisp/1
6/18/2025, 1:03:57 PM PDT [Modules] Streaming discord_krisp@1 to /home/lucienduchateau/.config/discord/0.0.98/modules/pending/discord_krisp-1.zip
6/18/2025, 1:03:57 PM PDT [Modules] Starting to install discord_game_utils...
6/18/2025, 1:03:57 PM PDT [Modules] Streaming discord_krisp@1 to /home/lucienduchateau/.config/discord/0.0.98/modules/pending/discord_krisp-1.zip: 1%
6/18/2025, 1:03:57 PM PDT [Modules] Streaming discord_krisp@1 to /home/lucienduchateau/.config/discord/0.0.98/modules/pending/discord_krisp-1.zip: 2%
6/18/2025, 1:03:57 PM PDT [Modules] Streaming discord_krisp@1 to /home/lucienduchateau/.config/discord/0.0.98/modules/pending/discord_krisp-1.zip: 3%
6/18/2025, 1:03:57 PM PDT [Modules] Streaming discord_krisp@1 to /home/lucienduchateau/.config/discord/0.0.98/modules/pending/discord_krisp-1.zip: 4%
6/18/2025, 1:03:57 PM PDT [Modules] Streaming discord_krisp@1 to /home/lucienduchateau/.config/discord/0.0.98/modules/pending/discord_krisp-1.zip: 5%
6/18/2025, 1:03:57 PM PDT [Modules] Streaming discord_krisp@1 to /home/lucienduchateau/.config/discord/0.0.98/modules/pending/discord_krisp-1.zip: 6%
6/18/2025, 1:03:57 PM PDT [Modules] Streaming discord_krisp@1 to /home/lucienduchateau/.config/discord/0.0.98/modules/pending/discord_krisp-1.zip: 7%
6/18/2025, 1:03:57 PM PDT [Modules] Streaming discord_krisp@1 to /home/lucienduchateau/.config/discord/0.0.98/modules/pending/discord_krisp-1.zip: 8%
6/18/2025, 1:03:57 PM PDT [Modules] Streaming discord_krisp@1 to /home/lucienduchateau/.config/discord/0.0.98/modules/pending/discord_krisp-1.zip: 9%
6/18/2025, 1:03:57 PM PDT [Modules] Streaming discord_krisp@1 to /home/lucienduchateau/.config/discord/0.0.98/modules/pending/discord_krisp-1.zip: 10%
6/18/2025, 1:03:57 PM PDT [Modules] Streaming discord_krisp@1 to /home/lucienduchateau/.config/discord/0.0.98/modules/pending/discord_krisp-1.zip: 11%
6/18/2025, 1:03:57 PM PDT [Modules] Streaming discord_krisp@1 to /home/lucienduchateau/.config/discord/0.0.98/modules/pending/discord_krisp-1.zip: 12%
6/18/2025, 1:03:57 PM PDT [Modules] Streaming discord_krisp@1 to /home/lucienduchateau/.config/discord/0.0.98/modules/pending/discord_krisp-1.zip: 13%
6/18/2025, 1:03:57 PM PDT [Modules] Streaming discord_krisp@1 to /home/lucienduchateau/.config/discord/0.0.98/modules/pending/discord_krisp-1.zip: 14%
6/18/2025, 1:03:57 PM PDT [Modules] Streaming discord_krisp@1 to /home/lucienduchateau/.config/discord/0.0.98/modules/pending/discord_krisp-1.zip: 15%
6/18/2025, 1:03:57 PM PDT [Modules] Streaming discord_krisp@1 to /home/lucienduchateau/.config/discord/0.0.98/modules/pending/discord_krisp-1.zip: 16%
6/18/2025, 1:03:57 PM PDT [Modules] Streaming discord_krisp@1 to /home/lucienduchateau/.config/discord/0.0.98/modules/pending/discord_krisp-1.zip: 17%
6/18/2025, 1:03:57 PM PDT [Modules] Streaming discord_krisp@1 to /home/lucienduchateau/.config/discord/0.0.98/modules/pending/discord_krisp-1.zip: 18%
6/18/2025, 1:03:57 PM PDT [Modules] Streaming discord_krisp@1 to /home/lucienduchateau/.config/discord/0.0.98/modules/pending/discord_krisp-1.zip: 19%
6/18/2025, 1:03:57 PM PDT [Modules] Streaming discord_krisp@1 to /home/lucienduchateau/.config/discord/0.0.98/modules/pending/discord_krisp-1.zip: 20%
6/18/2025, 1:03:57 PM PDT [Modules] Streaming discord_krisp@1 to /home/lucienduchateau/.config/discord/0.0.98/modules/pending/discord_krisp-1.zip: 21%
6/18/2025, 1:03:57 PM PDT [Modules] Streaming discord_krisp@1 to /home/lucienduchateau/.config/discord/0.0.98/modules/pending/discord_krisp-1.zip: 22%
6/18/2025, 1:03:57 PM PDT [Modules] Streaming discord_krisp@1 to /home/lucienduchateau/.config/discord/0.0.98/modules/pending/discord_krisp-1.zip: 23%
6/18/2025, 1:03:57 PM PDT [Modules] Streaming discord_krisp@1 to /home/lucienduchateau/.config/discord/0.0.98/modules/pending/discord_krisp-1.zip: 24%
6/18/2025, 1:03:57 PM PDT [Modules] Streaming discord_krisp@1 to /home/lucienduchateau/.config/discord/0.0.98/modules/pending/discord_krisp-1.zip: 25%
6/18/2025, 1:03:57 PM PDT [Modules] Streaming discord_krisp@1 to /home/lucienduchateau/.config/discord/0.0.98/modules/pending/discord_krisp-1.zip: 26%
6/18/2025, 1:03:57 PM PDT [Modules] Streaming discord_krisp@1 to /home/lucienduchateau/.config/discord/0.0.98/modules/pending/discord_krisp-1.zip: 27%
6/18/2025, 1:03:57 PM PDT [Modules] Streaming discord_krisp@1 to /home/lucienduchateau/.config/discord/0.0.98/modules/pending/discord_krisp-1.zip: 28%
6/18/2025, 1:03:57 PM PDT [Modules] Streaming discord_krisp@1 to /home/lucienduchateau/.config/discord/0.0.98/modules/pending/discord_krisp-1.zip: 29%
6/18/2025, 1:03:57 PM PDT [Modules] Streaming discord_krisp@1 to /home/lucienduchateau/.config/discord/0.0.98/modules/pending/discord_krisp-1.zip: 30%
6/18/2025, 1:03:57 PM PDT [Modules] Streaming discord_krisp@1 to /home/lucienduchateau/.config/discord/0.0.98/modules/pending/discord_krisp-1.zip: 31%
6/18/2025, 1:03:57 PM PDT [Modules] Streaming discord_krisp@1 to /home/lucienduchateau/.config/discord/0.0.98/modules/pending/discord_krisp-1.zip: 32%
6/18/2025, 1:03:57 PM PDT [Modules] Streaming discord_krisp@1 to /home/lucienduchateau/.config/discord/0.0.98/modules/pending/discord_krisp-1.zip: 33%
6/18/2025, 1:03:57 PM PDT [Modules] Streaming discord_krisp@1 to /home/lucienduchateau/.config/discord/0.0.98/modules/pending/discord_krisp-1.zip: 34%
6/18/2025, 1:03:57 PM PDT [Modules] Streaming discord_krisp@1 to /home/lucienduchateau/.config/discord/0.0.98/modules/pending/discord_krisp-1.zip: 35%
6/18/2025, 1:03:57 PM PDT [Modules] Streaming discord_krisp@1 to /home/lucienduchateau/.config/discord/0.0.98/modules/pending/discord_krisp-1.zip: 37%
6/18/2025, 1:03:57 PM PDT [Modules] Streaming discord_krisp@1 to /home/lucienduchateau/.config/discord/0.0.98/modules/pending/discord_krisp-1.zip: 38%
6/18/2025, 1:03:57 PM PDT [Modules] Streaming discord_krisp@1 to /home/lucienduchateau/.config/discord/0.0.98/modules/pending/discord_krisp-1.zip: 41%
6/18/2025, 1:03:57 PM PDT [Modules] Streaming discord_krisp@1 to /home/lucienduchateau/.config/discord/0.0.98/modules/pending/discord_krisp-1.zip: 50%
6/18/2025, 1:03:57 PM PDT [Modules] Streaming discord_krisp@1 to /home/lucienduchateau/.config/discord/0.0.98/modules/pending/discord_krisp-1.zip: 54%
6/18/2025, 1:03:57 PM PDT [Modules] Streaming discord_krisp@1 to /home/lucienduchateau/.config/discord/0.0.98/modules/pending/discord_krisp-1.zip: 57%
6/18/2025, 1:03:57 PM PDT [Modules] Streaming discord_krisp@1 to /home/lucienduchateau/.config/discord/0.0.98/modules/pending/discord_krisp-1.zip: 58%
6/18/2025, 1:03:57 PM PDT [Modules] Streaming discord_krisp@1 to /home/lucienduchateau/.config/discord/0.0.98/modules/pending/discord_krisp-1.zip: 59%
6/18/2025, 1:03:57 PM PDT [Modules] Streaming discord_krisp@1 to /home/lucienduchateau/.config/discord/0.0.98/modules/pending/discord_krisp-1.zip: 60%
6/18/2025, 1:03:57 PM PDT [Modules] Streaming discord_krisp@1 to /home/lucienduchateau/.config/discord/0.0.98/modules/pending/discord_krisp-1.zip: 61%
6/18/2025, 1:03:57 PM PDT [Modules] Streaming discord_krisp@1 to /home/lucienduchateau/.config/discord/0.0.98/modules/pending/discord_krisp-1.zip: 62%
6/18/2025, 1:03:57 PM PDT [Modules] Streaming discord_krisp@1 to /home/lucienduchateau/.config/discord/0.0.98/modules/pending/discord_krisp-1.zip: 63%
6/18/2025, 1:03:57 PM PDT [Modules] Streaming discord_krisp@1 to /home/lucienduchateau/.config/discord/0.0.98/modules/pending/discord_krisp-1.zip: 64%
6/18/2025, 1:03:57 PM PDT [Modules] Streaming discord_krisp@1 to /home/lucienduchateau/.config/discord/0.0.98/modules/pending/discord_krisp-1.zip: 65%
6/18/2025, 1:03:57 PM PDT [Modules] Streaming discord_krisp@1 to /home/lucienduchateau/.config/discord/0.0.98/modules/pending/discord_krisp-1.zip: 67%
6/18/2025, 1:03:57 PM PDT [Modules] Streaming discord_krisp@1 to /home/lucienduchateau/.config/discord/0.0.98/modules/pending/discord_krisp-1.zip: 71%
6/18/2025, 1:03:57 PM PDT [Modules] Streaming discord_krisp@1 to /home/lucienduchateau/.config/discord/0.0.98/modules/pending/discord_krisp-1.zip: 72%
6/18/2025, 1:03:57 PM PDT [Modules] Streaming discord_krisp@1 to /home/lucienduchateau/.config/discord/0.0.98/modules/pending/discord_krisp-1.zip: 73%
6/18/2025, 1:03:57 PM PDT [Modules] Streaming discord_krisp@1 to /home/lucienduchateau/.config/discord/0.0.98/modules/pending/discord_krisp-1.zip: 74%
6/18/2025, 1:03:57 PM PDT [Modules] Streaming discord_krisp@1 to /home/lucienduchateau/.config/discord/0.0.98/modules/pending/discord_krisp-1.zip: 75%
6/18/2025, 1:03:57 PM PDT [Modules] Streaming discord_krisp@1 to /home/lucienduchateau/.config/discord/0.0.98/modules/pending/discord_krisp-1.zip: 76%
6/18/2025, 1:03:58 PM PDT [Modules] Streaming discord_krisp@1 to /home/lucienduchateau/.config/discord/0.0.98/modules/pending/discord_krisp-1.zip: 77%
6/18/2025, 1:03:58 PM PDT [Modules] Streaming discord_krisp@1 to /home/lucienduchateau/.config/discord/0.0.98/modules/pending/discord_krisp-1.zip: 78%
6/18/2025, 1:03:58 PM PDT [Modules] Streaming discord_krisp@1 to /home/lucienduchateau/.config/discord/0.0.98/modules/pending/discord_krisp-1.zip: 79%
6/18/2025, 1:03:58 PM PDT [Modules] Streaming discord_krisp@1 to /home/lucienduchateau/.config/discord/0.0.98/modules/pending/discord_krisp-1.zip: 80%
6/18/2025, 1:03:58 PM PDT [Modules] Streaming discord_krisp@1 to /home/lucienduchateau/.config/discord/0.0.98/modules/pending/discord_krisp-1.zip: 81%
6/18/2025, 1:03:58 PM PDT [Modules] Streaming discord_krisp@1 to /home/lucienduchateau/.config/discord/0.0.98/modules/pending/discord_krisp-1.zip: 82%
6/18/2025, 1:03:58 PM PDT [Modules] Streaming discord_krisp@1 to /home/lucienduchateau/.config/discord/0.0.98/modules/pending/discord_krisp-1.zip: 83%
6/18/2025, 1:03:58 PM PDT [Modules] Streaming discord_krisp@1 to /home/lucienduchateau/.config/discord/0.0.98/modules/pending/discord_krisp-1.zip: 84%
6/18/2025, 1:03:58 PM PDT [Modules] Streaming discord_krisp@1 to /home/lucienduchateau/.config/discord/0.0.98/modules/pending/discord_krisp-1.zip: 85%
6/18/2025, 1:03:58 PM PDT [Modules] Streaming discord_krisp@1 to /home/lucienduchateau/.config/discord/0.0.98/modules/pending/discord_krisp-1.zip: 86%
6/18/2025, 1:03:58 PM PDT [Modules] Streaming discord_krisp@1 to /home/lucienduchateau/.config/discord/0.0.98/modules/pending/discord_krisp-1.zip: 88%
6/18/2025, 1:03:58 PM PDT [Modules] Streaming discord_krisp@1 to /home/lucienduchateau/.config/discord/0.0.98/modules/pending/discord_krisp-1.zip: 89%
6/18/2025, 1:03:58 PM PDT [Modules] Streaming discord_krisp@1 to /home/lucienduchateau/.config/discord/0.0.98/modules/pending/discord_krisp-1.zip: 90%
6/18/2025, 1:03:58 PM PDT [Modules] Streaming discord_krisp@1 to /home/lucienduchateau/.config/discord/0.0.98/modules/pending/discord_krisp-1.zip: 91%
6/18/2025, 1:03:58 PM PDT [Modules] Streaming discord_krisp@1 to /home/lucienduchateau/.config/discord/0.0.98/modules/pending/discord_krisp-1.zip: 92%
6/18/2025, 1:03:58 PM PDT [Modules] Streaming discord_krisp@1 to /home/lucienduchateau/.config/discord/0.0.98/modules/pending/discord_krisp-1.zip: 93%
6/18/2025, 1:03:58 PM PDT [Modules] Streaming discord_krisp@1 to /home/lucienduchateau/.config/discord/0.0.98/modules/pending/discord_krisp-1.zip: 94%
6/18/2025, 1:03:58 PM PDT [Modules] Streaming discord_krisp@1 to /home/lucienduchateau/.config/discord/0.0.98/modules/pending/discord_krisp-1.zip: 95%
6/18/2025, 1:03:58 PM PDT [Modules] Streaming discord_krisp@1 to /home/lucienduchateau/.config/discord/0.0.98/modules/pending/discord_krisp-1.zip: 96%
6/18/2025, 1:03:58 PM PDT [Modules] Streaming discord_krisp@1 to /home/lucienduchateau/.config/discord/0.0.98/modules/pending/discord_krisp-1.zip: 97%
6/18/2025, 1:03:58 PM PDT [Modules] Streaming discord_krisp@1 to /home/lucienduchateau/.config/discord/0.0.98/modules/pending/discord_krisp-1.zip: 98%
6/18/2025, 1:03:58 PM PDT [Modules] Streaming discord_krisp@1 to /home/lucienduchateau/.config/discord/0.0.98/modules/pending/discord_krisp-1.zip: 99%
6/18/2025, 1:03:58 PM PDT [Modules] Streaming discord_krisp@1 to /home/lucienduchateau/.config/discord/0.0.98/modules/pending/discord_krisp-1.zip: 100%
6/18/2025, 1:03:58 PM PDT [Modules] Fetching discord_game_utils@1 from https://discord.com/api/modules/stable/discord_game_utils/1
6/18/2025, 1:03:58 PM PDT [Modules] Streaming discord_game_utils@1 to /home/lucienduchateau/.config/discord/0.0.98/modules/pending/discord_game_utils-1.zip
6/18/2025, 1:03:58 PM PDT [Modules] Installing discord_krisp@1 from /home/lucienduchateau/.config/discord/0.0.98/modules/pending/discord_krisp-1.zip
6/18/2025, 1:03:58 PM PDT [Modules] Finished module installations. [success: 1] [failure: 0]
6/18/2025, 1:03:58 PM PDT [Modules] Streaming discord_game_utils@1 to /home/lucienduchateau/.config/discord/0.0.98/modules/pending/discord_game_utils-1.zip: 1%
6/18/2025, 1:03:58 PM PDT [Modules] Streaming discord_game_utils@1 to /home/lucienduchateau/.config/discord/0.0.98/modules/pending/discord_game_utils-1.zip: 3%
6/18/2025, 1:03:58 PM PDT [Modules] Streaming discord_game_utils@1 to /home/lucienduchateau/.config/discord/0.0.98/modules/pending/discord_game_utils-1.zip: 4%
6/18/2025, 1:03:58 PM PDT [Modules] Streaming discord_game_utils@1 to /home/lucienduchateau/.config/discord/0.0.98/modules/pending/discord_game_utils-1.zip: 5%
6/18/2025, 1:03:58 PM PDT [Modules] Streaming discord_game_utils@1 to /home/lucienduchateau/.config/discord/0.0.98/modules/pending/discord_game_utils-1.zip: 7%
6/18/2025, 1:03:58 PM PDT [Modules] Streaming discord_game_utils@1 to /home/lucienduchateau/.config/discord/0.0.98/modules/pending/discord_game_utils-1.zip: 9%
6/18/2025, 1:03:58 PM PDT [Modules] Streaming discord_game_utils@1 to /home/lucienduchateau/.config/discord/0.0.98/modules/pending/discord_game_utils-1.zip: 12%
6/18/2025, 1:03:58 PM PDT [Modules] Streaming discord_game_utils@1 to /home/lucienduchateau/.config/discord/0.0.98/modules/pending/discord_game_utils-1.zip: 14%
6/18/2025, 1:03:58 PM PDT [Modules] Streaming discord_game_utils@1 to /home/lucienduchateau/.config/discord/0.0.98/modules/pending/discord_game_utils-1.zip: 16%
6/18/2025, 1:03:58 PM PDT [Modules] Streaming discord_game_utils@1 to /home/lucienduchateau/.config/discord/0.0.98/modules/pending/discord_game_utils-1.zip: 19%
6/18/2025, 1:03:58 PM PDT [Modules] Streaming discord_game_utils@1 to /home/lucienduchateau/.config/discord/0.0.98/modules/pending/discord_game_utils-1.zip: 21%
6/18/2025, 1:03:58 PM PDT [Modules] Streaming discord_game_utils@1 to /home/lucienduchateau/.config/discord/0.0.98/modules/pending/discord_game_utils-1.zip: 23%
6/18/2025, 1:03:58 PM PDT [Modules] Streaming discord_game_utils@1 to /home/lucienduchateau/.config/discord/0.0.98/modules/pending/discord_game_utils-1.zip: 26%
6/18/2025, 1:03:58 PM PDT [Modules] Streaming discord_game_utils@1 to /home/lucienduchateau/.config/discord/0.0.98/modules/pending/discord_game_utils-1.zip: 28%
6/18/2025, 1:03:58 PM PDT [Modules] Streaming discord_game_utils@1 to /home/lucienduchateau/.config/discord/0.0.98/modules/pending/discord_game_utils-1.zip: 30%
6/18/2025, 1:03:58 PM PDT [Modules] Streaming discord_game_utils@1 to /home/lucienduchateau/.config/discord/0.0.98/modules/pending/discord_game_utils-1.zip: 32%
6/18/2025, 1:03:58 PM PDT [Modules] Streaming discord_game_utils@1 to /home/lucienduchateau/.config/discord/0.0.98/modules/pending/discord_game_utils-1.zip: 35%
6/18/2025, 1:03:58 PM PDT [Modules] Streaming discord_game_utils@1 to /home/lucienduchateau/.config/discord/0.0.98/modules/pending/discord_game_utils-1.zip: 37%
6/18/2025, 1:03:58 PM PDT [Modules] Streaming discord_game_utils@1 to /home/lucienduchateau/.config/discord/0.0.98/modules/pending/discord_game_utils-1.zip: 39%
6/18/2025, 1:03:58 PM PDT [Modules] Streaming discord_game_utils@1 to /home/lucienduchateau/.config/discord/0.0.98/modules/pending/discord_game_utils-1.zip: 42%
6/18/2025, 1:03:58 PM PDT [Modules] Streaming discord_game_utils@1 to /home/lucienduchateau/.config/discord/0.0.98/modules/pending/discord_game_utils-1.zip: 44%
6/18/2025, 1:03:58 PM PDT [Modules] Streaming discord_game_utils@1 to /home/lucienduchateau/.config/discord/0.0.98/modules/pending/discord_game_utils-1.zip: 46%
6/18/2025, 1:03:58 PM PDT [Modules] Streaming discord_game_utils@1 to /home/lucienduchateau/.config/discord/0.0.98/modules/pending/discord_game_utils-1.zip: 49%
6/18/2025, 1:03:58 PM PDT [Modules] Streaming discord_game_utils@1 to /home/lucienduchateau/.config/discord/0.0.98/modules/pending/discord_game_utils-1.zip: 51%
6/18/2025, 1:03:58 PM PDT [Modules] Streaming discord_game_utils@1 to /home/lucienduchateau/.config/discord/0.0.98/modules/pending/discord_game_utils-1.zip: 53%
6/18/2025, 1:03:58 PM PDT [Modules] Streaming discord_game_utils@1 to /home/lucienduchateau/.config/discord/0.0.98/modules/pending/discord_game_utils-1.zip: 58%
6/18/2025, 1:03:58 PM PDT [Modules] Streaming discord_game_utils@1 to /home/lucienduchateau/.config/discord/0.0.98/modules/pending/discord_game_utils-1.zip: 60%
6/18/2025, 1:03:58 PM PDT [Modules] Streaming discord_game_utils@1 to /home/lucienduchateau/.config/discord/0.0.98/modules/pending/discord_game_utils-1.zip: 62%
6/18/2025, 1:03:58 PM PDT [Modules] Streaming discord_game_utils@1 to /home/lucienduchateau/.config/discord/0.0.98/modules/pending/discord_game_utils-1.zip: 65%
6/18/2025, 1:03:58 PM PDT [Modules] Streaming discord_game_utils@1 to /home/lucienduchateau/.config/discord/0.0.98/modules/pending/discord_game_utils-1.zip: 67%
6/18/2025, 1:03:58 PM PDT [Modules] Streaming discord_game_utils@1 to /home/lucienduchateau/.config/discord/0.0.98/modules/pending/discord_game_utils-1.zip: 69%
6/18/2025, 1:03:58 PM PDT [Modules] Streaming discord_game_utils@1 to /home/lucienduchateau/.config/discord/0.0.98/modules/pending/discord_game_utils-1.zip: 72%
6/18/2025, 1:03:58 PM PDT [Modules] Streaming discord_game_utils@1 to /home/lucienduchateau/.config/discord/0.0.98/modules/pending/discord_game_utils-1.zip: 73%
6/18/2025, 1:03:58 PM PDT [Modules] Streaming discord_game_utils@1 to /home/lucienduchateau/.config/discord/0.0.98/modules/pending/discord_game_utils-1.zip: 75%
6/18/2025, 1:03:58 PM PDT [Modules] Streaming discord_game_utils@1 to /home/lucienduchateau/.config/discord/0.0.98/modules/pending/discord_game_utils-1.zip: 78%
6/18/2025, 1:03:58 PM PDT [Modules] Streaming discord_game_utils@1 to /home/lucienduchateau/.config/discord/0.0.98/modules/pending/discord_game_utils-1.zip: 80%
6/18/2025, 1:03:58 PM PDT [Modules] Streaming discord_game_utils@1 to /home/lucienduchateau/.config/discord/0.0.98/modules/pending/discord_game_utils-1.zip: 82%
6/18/2025, 1:03:58 PM PDT [Modules] Streaming discord_game_utils@1 to /home/lucienduchateau/.config/discord/0.0.98/modules/pending/discord_game_utils-1.zip: 89%
6/18/2025, 1:03:58 PM PDT [Modules] Streaming discord_game_utils@1 to /home/lucienduchateau/.config/discord/0.0.98/modules/pending/discord_game_utils-1.zip: 98%
6/18/2025, 1:03:58 PM PDT [Modules] Streaming discord_game_utils@1 to /home/lucienduchateau/.config/discord/0.0.98/modules/pending/discord_game_utils-1.zip: 100%
6/18/2025, 1:03:58 PM PDT [Modules] Finished module downloads. [success: 2] [failure: 0]
6/18/2025, 1:03:58 PM PDT [Modules] Installing discord_game_utils@1 from /home/lucienduchateau/.config/discord/0.0.98/modules/pending/discord_game_utils-1.zip
6/18/2025, 1:03:58 PM PDT [Modules] Starting to install discord_rpc...
6/18/2025, 1:03:58 PM PDT [Modules] Fetching discord_rpc@1 from https://discord.com/api/modules/stable/discord_rpc/1
6/18/2025, 1:03:58 PM PDT [Modules] Streaming discord_rpc@1 to /home/lucienduchateau/.config/discord/0.0.98/modules/pending/discord_rpc-1.zip
6/18/2025, 1:03:58 PM PDT [Modules] Finished module installations. [success: 1] [failure: 0]
6/18/2025, 1:03:58 PM PDT [Modules] Streaming discord_rpc@1 to /home/lucienduchateau/.config/discord/0.0.98/modules/pending/discord_rpc-1.zip: 20%
6/18/2025, 1:03:58 PM PDT [Modules] Streaming discord_rpc@1 to /home/lucienduchateau/.config/discord/0.0.98/modules/pending/discord_rpc-1.zip: 100%
6/18/2025, 1:03:58 PM PDT [Modules] Finished module downloads. [success: 1] [failure: 0]
6/18/2025, 1:03:58 PM PDT [Modules] Installing discord_rpc@1 from /home/lucienduchateau/.config/discord/0.0.98/modules/pending/discord_rpc-1.zip
6/18/2025, 1:03:58 PM PDT [Modules] Finished module installations. [success: 1] [failure: 0]
6/18/2025, 1:04:40 PM PDT [Modules] Checking for host updates.
6/18/2025, 1:04:40 PM PDT [Modules] Host is up to date.
6/18/2025, 1:04:40 PM PDT [Modules] Checking for module updates at https://discord.com/api/modules/stable/versions.json
6/18/2025, 1:04:40 PM PDT [Modules] No module updates available.
6/18/2025, 1:48:31 PM PDT [Modules] Modules initializing
6/18/2025, 1:48:31 PM PDT [Modules] Distribution: remote
6/18/2025, 1:48:31 PM PDT [Modules] Host updates: enabled
6/18/2025, 1:48:31 PM PDT [Modules] Module updates: enabled
6/18/2025, 1:48:31 PM PDT [Modules] Module install path: /home/lucienduchateau/.config/discord/0.0.98/modules
6/18/2025, 1:48:31 PM PDT [Modules] Module installed file path: /home/lucienduchateau/.config/discord/0.0.98/modules/installed.json
6/18/2025, 1:48:31 PM PDT [Modules] Module download path: /home/lucienduchateau/.config/discord/0.0.98/modules/pending
6/18/2025, 1:48:31 PM PDT [Modules] No updates to install
6/18/2025, 1:48:31 PM PDT [Modules] Checking for host updates.
6/18/2025, 1:48:32 PM PDT [Modules] Host is up to date.
6/18/2025, 1:48:32 PM PDT [Modules] Checking for module updates at https://discord.com/api/modules/stable/versions.json
6/18/2025, 1:48:32 PM PDT [Modules] No module updates available.
6/18/2025, 1:48:41 PM PDT [Modules] Checking for host updates.
6/18/2025, 1:48:41 PM PDT [Modules] Host is up to date.
6/18/2025, 1:48:41 PM PDT [Modules] Checking for module updates at https://discord.com/api/modules/stable/versions.json
6/18/2025, 1:48:41 PM PDT [Modules] No module updates available.
6/18/2025, 1:50:06 PM PDT [Modules] Modules initializing
6/18/2025, 1:50:06 PM PDT [Modules] Distribution: remote
6/18/2025, 1:50:06 PM PDT [Modules] Host updates: enabled
6/18/2025, 1:50:06 PM PDT [Modules] Module updates: enabled
6/18/2025, 1:50:06 PM PDT [Modules] Module install path: /home/lucienduchateau/.config/discord/0.0.98/modules
6/18/2025, 1:50:06 PM PDT [Modules] Module installed file path: /home/lucienduchateau/.config/discord/0.0.98/modules/installed.json
6/18/2025, 1:50:06 PM PDT [Modules] Module download path: /home/lucienduchateau/.config/discord/0.0.98/modules/pending
6/18/2025, 1:50:07 PM PDT [Modules] No updates to install
6/18/2025, 1:50:07 PM PDT [Modules] Checking for host updates.
6/18/2025, 1:50:07 PM PDT [Modules] Host is up to date.
6/18/2025, 1:50:07 PM PDT [Modules] Checking for module updates at https://discord.com/api/modules/stable/versions.json
6/18/2025, 1:50:07 PM PDT [Modules] No module updates available.
6/18/2025, 1:50:17 PM PDT [Modules] Checking for host updates.
6/18/2025, 1:50:17 PM PDT [Modules] Host is up to date.
6/18/2025, 1:50:17 PM PDT [Modules] Checking for module updates at https://discord.com/api/modules/stable/versions.json
6/18/2025, 1:50:17 PM PDT [Modules] No module updates available.
